Archive member included to satisfy reference by file (symbol)

d:/programme/7.0/toolchain/arm/arm-gnu-toolchain/bin/../lib/gcc/arm-none-eabi/6.3.1/thumb/v7e-m\libgcc.a(_arm_addsubdf3.o)
                              BMP280/bmp280.o (__aeabi_dsub)
d:/programme/7.0/toolchain/arm/arm-gnu-toolchain/bin/../lib/gcc/arm-none-eabi/6.3.1/thumb/v7e-m\libgcc.a(_arm_muldivdf3.o)
                              BMP280/bmp280.o (__aeabi_dmul)
d:/programme/7.0/toolchain/arm/arm-gnu-toolchain/bin/../lib/gcc/arm-none-eabi/6.3.1/thumb/v7e-m\libgcc.a(_arm_cmpdf2.o)
                              BMP280/bmp280.o (__aeabi_dcmpeq)
d:/programme/7.0/toolchain/arm/arm-gnu-toolchain/bin/../lib/gcc/arm-none-eabi/6.3.1/thumb/v7e-m\libgcc.a(_arm_unorddf2.o)
                              BMP280/bmp280.o (__aeabi_dcmpun)
d:/programme/7.0/toolchain/arm/arm-gnu-toolchain/bin/../lib/gcc/arm-none-eabi/6.3.1/thumb/v7e-m\libgcc.a(_arm_fixdfsi.o)
                              BMP280/bmp280.o (__aeabi_d2iz)
d:/programme/7.0/toolchain/arm/arm-gnu-toolchain/bin/../lib/gcc/arm-none-eabi/6.3.1/thumb/v7e-m\libgcc.a(_arm_fixunsdfsi.o)
                              hpl/sercom/hpl_sercom.o (__aeabi_d2uiz)
d:/programme/7.0/toolchain/arm/arm-gnu-toolchain/bin/../lib/gcc/arm-none-eabi/6.3.1/thumb/v7e-m\libgcc.a(_aeabi_ldivmod.o)
                              BMP280/bmp280.o (__aeabi_ldivmod)
d:/programme/7.0/toolchain/arm/arm-gnu-toolchain/bin/../lib/gcc/arm-none-eabi/6.3.1/thumb/v7e-m\libgcc.a(_aeabi_uldivmod.o)
                              hpl/sercom/hpl_sercom.o (__aeabi_uldivmod)
d:/programme/7.0/toolchain/arm/arm-gnu-toolchain/bin/../lib/gcc/arm-none-eabi/6.3.1/thumb/v7e-m\libgcc.a(_udivmoddi4.o)
                              d:/programme/7.0/toolchain/arm/arm-gnu-toolchain/bin/../lib/gcc/arm-none-eabi/6.3.1/thumb/v7e-m\libgcc.a(_aeabi_ldivmod.o) (__udivmoddi4)
d:/programme/7.0/toolchain/arm/arm-gnu-toolchain/bin/../lib/gcc/arm-none-eabi/6.3.1/thumb/v7e-m\libgcc.a(_dvmd_tls.o)
                              d:/programme/7.0/toolchain/arm/arm-gnu-toolchain/bin/../lib/gcc/arm-none-eabi/6.3.1/thumb/v7e-m\libgcc.a(_aeabi_ldivmod.o) (__aeabi_ldiv0)
d:/programme/7.0/toolchain/arm/arm-gnu-toolchain/bin/../lib/gcc/arm-none-eabi/6.3.1/../../../../arm-none-eabi/lib/thumb/v7e-m\libc_nano.a(lib_a-exit.o)
                              d:/programme/7.0/toolchain/arm/arm-gnu-toolchain/bin/../lib/gcc/arm-none-eabi/6.3.1/../../../../arm-none-eabi/lib/thumb/v7e-m/crt0.o (exit)
d:/programme/7.0/toolchain/arm/arm-gnu-toolchain/bin/../lib/gcc/arm-none-eabi/6.3.1/../../../../arm-none-eabi/lib/thumb/v7e-m\libc_nano.a(lib_a-impure.o)
                              d:/programme/7.0/toolchain/arm/arm-gnu-toolchain/bin/../lib/gcc/arm-none-eabi/6.3.1/../../../../arm-none-eabi/lib/thumb/v7e-m\libc_nano.a(lib_a-exit.o) (_global_impure_ptr)
d:/programme/7.0/toolchain/arm/arm-gnu-toolchain/bin/../lib/gcc/arm-none-eabi/6.3.1/../../../../arm-none-eabi/lib/thumb/v7e-m\libc_nano.a(lib_a-init.o)
                              d:/programme/7.0/toolchain/arm/arm-gnu-toolchain/bin/../lib/gcc/arm-none-eabi/6.3.1/../../../../arm-none-eabi/lib/thumb/v7e-m/crt0.o (__libc_init_array)
d:/programme/7.0/toolchain/arm/arm-gnu-toolchain/bin/../lib/gcc/arm-none-eabi/6.3.1/../../../../arm-none-eabi/lib/thumb/v7e-m\libc_nano.a(lib_a-memset.o)
                              d:/programme/7.0/toolchain/arm/arm-gnu-toolchain/bin/../lib/gcc/arm-none-eabi/6.3.1/../../../../arm-none-eabi/lib/thumb/v7e-m/crt0.o (memset)
d:/programme/7.0/toolchain/arm/arm-gnu-toolchain/bin/../lib/gcc/arm-none-eabi/6.3.1/../../../../arm-none-eabi/lib/thumb/v7e-m\libc_nano.a(lib_a-printf.o)
                              hal/utils/src/utils_syscalls.o (printf)
d:/programme/7.0/toolchain/arm/arm-gnu-toolchain/bin/../lib/gcc/arm-none-eabi/6.3.1/../../../../arm-none-eabi/lib/thumb/v7e-m\libc_nano.a(lib_a-findfp.o)
                              d:/programme/7.0/toolchain/arm/arm-gnu-toolchain/bin/../lib/gcc/arm-none-eabi/6.3.1/../../../../arm-none-eabi/lib/thumb/v7e-m\libc_nano.a(lib_a-printf.o) (__sinit)
d:/programme/7.0/toolchain/arm/arm-gnu-toolchain/bin/../lib/gcc/arm-none-eabi/6.3.1/../../../../arm-none-eabi/lib/thumb/v7e-m\libc_nano.a(lib_a-fwalk.o)
                              d:/programme/7.0/toolchain/arm/arm-gnu-toolchain/bin/../lib/gcc/arm-none-eabi/6.3.1/../../../../arm-none-eabi/lib/thumb/v7e-m\libc_nano.a(lib_a-findfp.o) (_fwalk)
d:/programme/7.0/toolchain/arm/arm-gnu-toolchain/bin/../lib/gcc/arm-none-eabi/6.3.1/../../../../arm-none-eabi/lib/thumb/v7e-m\libc_nano.a(lib_a-nano-mallocr.o)
                              d:/programme/7.0/toolchain/arm/arm-gnu-toolchain/bin/../lib/gcc/arm-none-eabi/6.3.1/../../../../arm-none-eabi/lib/thumb/v7e-m\libc_nano.a(lib_a-findfp.o) (_malloc_r)
d:/programme/7.0/toolchain/arm/arm-gnu-toolchain/bin/../lib/gcc/arm-none-eabi/6.3.1/../../../../arm-none-eabi/lib/thumb/v7e-m\libc_nano.a(lib_a-nano-vfprintf.o)
[...]
Memory Configuration

Name             Origin             Length             Attributes
rom              0x00000000         0x00100000         xr
ram              0x20000000         0x00040000         xrw
bkupram          0x47000000         0x00002000         xrw
qspi             0x04000000         0x01000000         xrw
*default*        0x00000000         0xffffffff

Linker script and memory map

LOAD d:/programme/7.0/toolchain/arm/arm-gnu-toolchain/bin/../lib/gcc/arm-none-eabi/6.3.1/thumb/v7e-m/crti.o
LOAD d:/programme/7.0/toolchain/arm/arm-gnu-toolchain/bin/../lib/gcc/arm-none-eabi/6.3.1/thumb/v7e-m/crtbegin.o
LOAD d:/programme/7.0/toolchain/arm/arm-gnu-toolchain/bin/../lib/gcc/arm-none-eabi/6.3.1/../../../../arm-none-eabi/lib/thumb/v7e-m/crt0.o
LOAD atmel_start.o
LOAD BMP280/bmp280.o
LOAD Device_Startup/startup_same54.o
LOAD Device_Startup/system_same54.o
LOAD driver_init.o
LOAD EtherCAT/ethercat_e54.o
LOAD examples/driver_examples.o
LOAD hal/src/hal_adc_async.o
LOAD hal/src/hal_atomic.o
LOAD hal/src/hal_cache.o
LOAD hal/src/hal_delay.o
LOAD hal/src/hal_gpio.o
LOAD hal/src/hal_i2c_m_sync.o
LOAD hal/src/hal_init.o
LOAD hal/src/hal_io.o
LOAD hal/src/hal_sleep.o
LOAD hal/src/hal_spi_m_dma.o
LOAD hal/src/hal_spi_m_sync.o
LOAD hal/src/hal_timer.o
LOAD hal/src/hal_usart_sync.o
LOAD hal/utils/src/utils_assert.o
LOAD hal/utils/src/utils_event.o
LOAD hal/utils/src/utils_list.o
LOAD hal/utils/src/utils_ringbuffer.o
LOAD hal/utils/src/utils_syscalls.o
LOAD hpl/adc/hpl_adc.o
LOAD hpl/cmcc/hpl_cmcc.o
LOAD hpl/core/hpl_core_m4.o
LOAD hpl/core/hpl_init.o
LOAD hpl/dmac/hpl_dmac.o
LOAD hpl/gclk/hpl_gclk.o
LOAD hpl/mclk/hpl_mclk.o
LOAD hpl/osc32kctrl/hpl_osc32kctrl.o
LOAD hpl/oscctrl/hpl_oscctrl.o
LOAD hpl/pm/hpl_pm.o
LOAD hpl/ramecc/hpl_ramecc.o
LOAD hpl/sercom/hpl_sercom.o
LOAD hpl/systick/hpl_systick.o
LOAD hpl/tc/hpl_tc.o
LOAD hpl/tc/tc_lite.o
LOAD main.o
LOAD TactileSensors/TactileSensors.o
START GROUP
LOAD d:/programme/7.0/toolchain/arm/arm-gnu-toolchain/bin/../lib/gcc/arm-none-eabi/6.3.1/../../../../arm-none-eabi/lib/thumb/v7e-m\libm.a
END GROUP
START GROUP
LOAD d:/programme/7.0/toolchain/arm/arm-gnu-toolchain/bin/../lib/gcc/arm-none-eabi/6.3.1/thumb/v7e-m\libgcc.a
LOAD d:/programme/7.0/toolchain/arm/arm-gnu-toolchain/bin/../lib/gcc/arm-none-eabi/6.3.1/../../../../arm-none-eabi/lib/thumb/v7e-m\libc_nano.a
END GROUP
START GROUP
LOAD d:/programme/7.0/toolchain/arm/arm-gnu-toolchain/bin/../lib/gcc/arm-none-eabi/6.3.1/thumb/v7e-m\libgcc.a
LOAD d:/programme/7.0/toolchain/arm/arm-gnu-toolchain/bin/../lib/gcc/arm-none-eabi/6.3.1/../../../../arm-none-eabi/lib/thumb/v7e-m\libc_nano.a
END GROUP
LOAD d:/programme/7.0/toolchain/arm/arm-gnu-toolchain/bin/../lib/gcc/arm-none-eabi/6.3.1/thumb/v7e-m/crtend.o
LOAD d:/programme/7.0/toolchain/arm/arm-gnu-toolchain/bin/../lib/gcc/arm-none-eabi/6.3.1/thumb/v7e-m/crtn.o
                0x00010000                STACK_SIZE = DEFINED (STACK_SIZE)?STACK_SIZE:DEFINED (__stack_size__)?__stack_size__:0x10000

.text           0x00000000     0x60bc
                0x00000000                . = ALIGN (0x4)
                0x00000000                _sfixed = .
 *(.vectors .vectors.*)
 .vectors       0x00000000      0x264 Device_Startup/startup_same54.o
                0x00000000                exception_table
 *(.text .text.* .gnu.linkonce.t.*)
 .text          0x00000264       0x6c d:/programme/7.0/toolchain/arm/arm-gnu-toolchain/bin/../lib/gcc/arm-none-eabi/6.3.1/thumb/v7e-m/crtbegin.o
 .text.atmel_start_init
                0x000002d0        0xc atmel_start.o
                0x000002d0                atmel_start_init
 .text.null_ptr_check
                0x000002dc       0x2a BMP280/bmp280.o
 .text.interleave_data
                0x00000306       0x20 BMP280/bmp280.o
 *fill*         0x00000326        0x2 
 .text.st_check_boundaries
                0x00000328       0x34 BMP280/bmp280.o
 .text.bmp280_get_regs
                0x0000035c       0x4c BMP280/bmp280.o
                0x0000035c                bmp280_get_regs
 .text.get_calib_param
                0x000003a8       0xe8 BMP280/bmp280.o
 .text.bmp280_set_regs
                0x00000490       0x94 BMP280/bmp280.o
                0x00000490                bmp280_set_regs
 .text.bmp280_soft_reset
                0x00000524       0x44 BMP280/bmp280.o
                0x00000524                bmp280_soft_reset
 .text.conf_sensor
                0x00000568      0x100 BMP280/bmp280.o
 .text.bmp280_init
                0x00000668       0x80 BMP280/bmp280.o
                0x00000668                bmp280_init
 .text.bmp280_get_config
                0x000006e8       0x74 BMP280/bmp280.o
                0x000006e8                bmp280_get_config
 .text.bmp280_set_power_mode
                0x0000075c       0x2c BMP280/bmp280.o
                0x0000075c                bmp280_set_power_mode
 .text.bmp280_get_uncomp_data
                0x00000788       0x80 BMP280/bmp280.o
                0x00000788                bmp280_get_uncomp_data
 .text.bmp280_get_comp_temp_32bit
                0x00000808       0x94 BMP280/bmp280.o
                0x00000808                bmp280_get_comp_temp_32bit
 .text.bmp280_get_comp_pres_32bit
                0x0000089c      0x158 BMP280/bmp280.o
                0x0000089c                bmp280_get_comp_pres_32bit
 .text.bmp280_get_comp_pres_64bit
                0x000009f4      0x258 BMP280/bmp280.o
                0x000009f4                bmp280_get_comp_pres_64bit
 *fill*         0x00000c4c        0x4 
 .text.bmp280_get_comp_pres_double
                0x00000c50      0x254 BMP280/bmp280.o
                0x00000c50                bmp280_get_comp_pres_double
 .text.Dummy_Handler
                0x00000ea4        0x2 Device_Startup/startup_same54.o
                0x00000ea4                EIC_5_Handler
                0x00000ea4                SVCall_Handler
                0x00000ea4                SERCOM0_2_Handler
                0x00000ea4                EIC_13_Handler
                0x00000ea4                EVSYS_0_Handler
                0x00000ea4                TCC1_3_Handler
                0x00000ea4                DAC_3_Handler
                0x00000ea4                TRNG_Handler
                0x00000ea4                HardFault_Handler
                0x00000ea4                TC2_Handler
                0x00000ea4                PDEC_2_Handler
                0x00000ea4                EIC_4_Handler
                0x00000ea4                AC_Handler
                0x00000ea4                SERCOM3_1_Handler
                0x00000ea4                SysTick_Handler
                0x00000ea4                TCC2_3_Handler
                0x00000ea4                SERCOM3_2_Handler
                0x00000ea4                PendSV_Handler
                0x00000ea4                EVSYS_3_Handler
                0x00000ea4                PDEC_0_Handler
                0x00000ea4                QSPI_Handler
                0x00000ea4                NonMaskableInt_Handler
                0x00000ea4                TCC0_0_Handler
                0x00000ea4                EIC_3_Handler
                0x00000ea4                MemManagement_Handler
                0x00000ea4                DAC_2_Handler
                0x00000ea4                SERCOM0_0_Handler
                0x00000ea4                RTC_Handler
                0x00000ea4                UsageFault_Handler
                0x00000ea4                SERCOM4_0_Handler
                0x00000ea4                EIC_10_Handler
                0x00000ea4                SERCOM0_3_Handler
                0x00000ea4                EIC_11_Handler
                0x00000ea4                EIC_9_Handler
                0x00000ea4                OSC32KCTRL_Handler
                0x00000ea4                TCC2_1_Handler
                0x00000ea4                SUPC_1_Handler
                0x00000ea4                TCC0_5_Handler
                0x00000ea4                TCC0_6_Handler
                0x00000ea4                SERCOM6_2_Handler
                0x00000ea4                EVSYS_1_Handler
                0x00000ea4                TCC1_4_Handler
                0x00000ea4                TC6_Handler
                0x00000ea4                WDT_Handler
                0x00000ea4                CAN0_Handler
                0x00000ea4                EIC_8_Handler
                0x00000ea4                EIC_15_Handler
                0x00000ea4                SERCOM6_0_Handler
                0x00000ea4                SERCOM5_0_Handler
                0x00000ea4                TC4_Handler
                0x00000ea4                TC1_Handler
                0x00000ea4                OSCCTRL_4_Handler
                0x00000ea4                SERCOM4_3_Handler
                0x00000ea4                EIC_12_Handler
                0x00000ea4                TCC4_2_Handler
                0x00000ea4                PAC_Handler
                0x00000ea4                TCC1_0_Handler
                0x00000ea4                USB_0_Handler
                0x00000ea4                OSCCTRL_0_Handler
                0x00000ea4                EIC_0_Handler
                0x00000ea4                OSCCTRL_3_Handler
                0x00000ea4                SERCOM4_1_Handler
                0x00000ea4                TC3_Handler
                0x00000ea4                Dummy_Handler
                0x00000ea4                TCC3_0_Handler
                0x00000ea4                TCC2_2_Handler
                0x00000ea4                SERCOM5_1_Handler
                0x00000ea4                TCC1_1_Handler
                0x00000ea4                ADC0_0_Handler
                0x00000ea4                SERCOM0_1_Handler
                0x00000ea4                OSCCTRL_2_Handler
                0x00000ea4                TCC1_2_Handler
                0x00000ea4                SERCOM7_1_Handler
                0x00000ea4                USB_1_Handler
                0x00000ea4                PM_Handler
                0x00000ea4                SERCOM6_3_Handler
                0x00000ea4                SERCOM2_3_Handler
                0x00000ea4                DAC_4_Handler
                0x00000ea4                TCC3_2_Handler
                0x00000ea4                SERCOM7_0_Handler
                0x00000ea4                TCC0_2_Handler
                0x00000ea4                TCC4_0_Handler
                0x00000ea4                SERCOM7_3_Handler
                0x00000ea4                GMAC_Handler
                0x00000ea4                SDHC1_Handler
                0x00000ea4                USB_3_Handler
                0x00000ea4                SERCOM7_2_Handler
                0x00000ea4                CAN1_Handler
                0x00000ea4                TCC2_0_Handler
                0x00000ea4                PDEC_1_Handler
                0x00000ea4                TCC4_1_Handler
                0x00000ea4                SERCOM5_3_Handler
                0x00000ea4                USB_2_Handler
                0x00000ea4                SERCOM6_1_Handler
                0x00000ea4                SDHC0_Handler
                0x00000ea4                SERCOM1_1_Handler
                0x00000ea4                I2S_Handler
                0x00000ea4                EIC_2_Handler
                0x00000ea4                PCC_Handler
                0x00000ea4                DAC_0_Handler
                0x00000ea4                TCC0_1_Handler
                0x00000ea4                SERCOM1_3_Handler
                0x00000ea4                EIC_6_Handler
                0x00000ea4                OSCCTRL_1_Handler
                0x00000ea4                SERCOM1_0_Handler
                0x00000ea4                PUKCC_Handler
                0x00000ea4                SERCOM2_1_Handler
                0x00000ea4                SERCOM1_2_Handler
                0x00000ea4                SERCOM3_0_Handler
                0x00000ea4                EIC_1_Handler
                0x00000ea4                SERCOM4_2_Handler
                0x00000ea4                EVSYS_4_Handler
                0x00000ea4                EIC_7_Handler
                0x00000ea4                NVMCTRL_1_Handler
                0x00000ea4                SERCOM5_2_Handler
                0x00000ea4                SERCOM3_3_Handler
                0x00000ea4                ADC0_1_Handler
                0x00000ea4                SERCOM2_2_Handler
                0x00000ea4                TCC3_1_Handler
                0x00000ea4                EIC_14_Handler
                0x00000ea4                DAC_1_Handler
                0x00000ea4                NVMCTRL_0_Handler
                0x00000ea4                MCLK_Handler
                0x00000ea4                EVSYS_2_Handler
                0x00000ea4                SUPC_0_Handler
                0x00000ea4                BusFault_Handler
                0x00000ea4                FREQM_Handler
                0x00000ea4                TCC0_3_Handler
                0x00000ea4                DebugMonitor_Handler
                0x00000ea4                TCC0_4_Handler
                0x00000ea4                TC5_Handler
                0x00000ea4                SERCOM2_0_Handler
                0x00000ea4                AES_Handler
                0x00000ea4                ICM_Handler
 *fill*         0x00000ea6        0x2 
 .text.Reset_Handler
                0x00000ea8       0x7c Device_Startup/startup_same54.o
                0x00000ea8                Reset_Handler
 .text.TIMER_1_init
                0x00000f24       0x3c driver_init.o
 .text.ADC_0_init
                0x00000f60       0xd0 driver_init.o
                0x00000f60                ADC_0_init
 .text.USART_0_PORT_init
                0x00001030       0x48 driver_init.o
                0x00001030                USART_0_PORT_init
 .text.USART_0_CLOCK_init
                0x00001078       0x24 driver_init.o
                0x00001078                USART_0_CLOCK_init
 .text.USART_0_init
                0x0000109c       0x2c driver_init.o
                0x0000109c                USART_0_init
 .text.I2C_0_PORT_init
                0x000010c8       0x60 driver_init.o
                0x000010c8                I2C_0_PORT_init
 .text.I2C_0_CLOCK_init
                0x00001128       0x24 driver_init.o
                0x00001128                I2C_0_CLOCK_init
 .text.I2C_0_init
                0x0000114c       0x28 driver_init.o
                0x0000114c                I2C_0_init
 .text.SPI_0_PORT_init
                0x00001174       0xc8 driver_init.o
                0x00001174                SPI_0_PORT_init
 .text.SPI_0_CLOCK_init
                0x0000123c       0x24 driver_init.o
                0x0000123c                SPI_0_CLOCK_init
 .text.SPI_0_init
                0x00001260       0x28 driver_init.o
                0x00001260                SPI_0_init
 .text.SPI_1_PORT_init
                0x00001288       0xc0 driver_init.o
                0x00001288                SPI_1_PORT_init
 .text.SPI_1_CLOCK_init
                0x00001348       0x24 driver_init.o
                0x00001348                SPI_1_CLOCK_init
 .text.SPI_1_init
                0x0000136c       0x28 driver_init.o
                0x0000136c                SPI_1_init
 .text.delay_driver_init
                0x00001394       0x14 driver_init.o
                0x00001394                delay_driver_init
 .text.TIMER_0_CLOCK_init
                0x000013a8       0x1c driver_init.o
                0x000013a8                TIMER_0_CLOCK_init
 .text.system_init
                0x000013c4       0xa4 driver_init.o
                0x000013c4                system_init
 .text.LAN9252_rx_susp
                0x00001468       0x58 EtherCAT/ethercat_e54.o
 .text.setup_transfer_descriptor
                0x000014c0      0x108 EtherCAT/ethercat_e54.o
 .text.TC7_Handler
                0x000015c8       0x74 EtherCAT/ethercat_e54.o
                0x000015c8                TC7_Handler
 .text.configure_ethercat_dma_descriptors
                0x0000163c      0x1f8 EtherCAT/ethercat_e54.o
                0x0000163c                configure_ethercat_dma_descriptors
 .text.adc_async_window_threshold_reached
                0x00001834        0xa hal/src/hal_adc_async.o
 .text.adc_async_error_occured
                0x0000183e        0xa hal/src/hal_adc_async.o
 .text.adc_async_channel_conversion_done
                0x00001848       0x5c hal/src/hal_adc_async.o
 .text.adc_async_init
                0x000018a4       0xa8 hal/src/hal_adc_async.o
                0x000018a4                adc_async_init
 .text.adc_async_register_channel_buffer
                0x0000194c       0xb8 hal/src/hal_adc_async.o
                0x0000194c                adc_async_register_channel_buffer
 .text.adc_async_enable_channel
                0x00001a04       0x40 hal/src/hal_adc_async.o
                0x00001a04                adc_async_enable_channel
 .text.adc_async_register_callback
                0x00001a44       0x84 hal/src/hal_adc_async.o
                0x00001a44                adc_async_register_callback
 .text.adc_async_read_channel
                0x00001ac8       0xd0 hal/src/hal_adc_async.o
                0x00001ac8                adc_async_read_channel
 .text.adc_async_start_conversion
                0x00001b98       0x28 hal/src/hal_adc_async.o
                0x00001b98                adc_async_start_conversion
 .text.atomic_enter_critical
                0x00001bc0        0xe hal/src/hal_atomic.o
                0x00001bc0                atomic_enter_critical
 .text.atomic_leave_critical
                0x00001bce        0xc hal/src/hal_atomic.o
                0x00001bce                atomic_leave_critical
 *fill*         0x00001bda        0x2 
 .text.delay_init
                0x00001bdc       0x14 hal/src/hal_delay.o
                0x00001bdc                delay_init
 .text.delay_ms
                0x00001bf0       0x20 hal/src/hal_delay.o
                0x00001bf0                delay_ms
 .text.i2c_m_sync_write
                0x00001c10       0x30 hal/src/hal_i2c_m_sync.o
 .text.i2c_m_sync_read
                0x00001c40       0x30 hal/src/hal_i2c_m_sync.o
 .text.i2c_m_sync_init
                0x00001c70       0x40 hal/src/hal_i2c_m_sync.o
                0x00001c70                i2c_m_sync_init
 .text.i2c_m_sync_enable
                0x00001cb0        0xc hal/src/hal_i2c_m_sync.o
                0x00001cb0                i2c_m_sync_enable
 .text.i2c_m_sync_set_slaveaddr
                0x00001cbc       0x10 hal/src/hal_i2c_m_sync.o
                0x00001cbc                i2c_m_sync_set_slaveaddr
 .text.i2c_m_sync_cmd_read
                0x00001ccc       0x50 hal/src/hal_i2c_m_sync.o
                0x00001ccc                i2c_m_sync_cmd_read
 .text.i2c_m_sync_get_io_descriptor
                0x00001d1c        0x8 hal/src/hal_i2c_m_sync.o
                0x00001d1c                i2c_m_sync_get_io_descriptor
 .text.io_write
                0x00001d24       0x34 hal/src/hal_io.o
                0x00001d24                io_write
 .text.io_read  0x00001d58       0x34 hal/src/hal_io.o
                0x00001d58                io_read
 .text._spi_m_dma_io_write
                0x00001d8c       0x34 hal/src/hal_spi_m_dma.o
 .text._spi_m_dma_io_read
                0x00001dc0       0x34 hal/src/hal_spi_m_dma.o
 .text.spi_m_dma_init
                0x00001df4       0x4c hal/src/hal_spi_m_dma.o
                0x00001df4                spi_m_dma_init
 .text.spi_m_dma_enable
                0x00001e40       0x28 hal/src/hal_spi_m_dma.o
                0x00001e40                spi_m_dma_enable
 .text.spi_m_dma_register_callback
                0x00001e68       0x30 hal/src/hal_spi_m_dma.o
                0x00001e68                spi_m_dma_register_callback
 .text.spi_m_sync_init
                0x00001e98       0x54 hal/src/hal_spi_m_sync.o
                0x00001e98                spi_m_sync_init
 .text.spi_m_sync_enable
                0x00001eec       0x28 hal/src/hal_spi_m_sync.o
                0x00001eec                spi_m_sync_enable
 .text.spi_m_sync_transfer
                0x00001f14       0x44 hal/src/hal_spi_m_sync.o
                0x00001f14                spi_m_sync_transfer
 .text._spi_m_sync_io_write
                0x00001f58       0x3c hal/src/hal_spi_m_sync.o
 .text._spi_m_sync_io_read
                0x00001f94       0x3c hal/src/hal_spi_m_sync.o
 .text.spi_m_sync_get_io_descriptor
                0x00001fd0       0x2c hal/src/hal_spi_m_sync.o
                0x00001fd0                spi_m_sync_get_io_descriptor
 .text.timer_add_timer_task
                0x00001ffc       0x50 hal/src/hal_timer.o
 .text.timer_process_counted
                0x0000204c       0x68 hal/src/hal_timer.o
 .text.timer_init
                0x000020b4       0x40 hal/src/hal_timer.o
                0x000020b4                timer_init
 .text.timer_start
                0x000020f4       0x3c hal/src/hal_timer.o
                0x000020f4                timer_start
 .text.timer_add_task
                0x00002130       0xac hal/src/hal_timer.o
                0x00002130                timer_add_task
 .text.usart_sync_write
                0x000021dc       0x70 hal/src/hal_usart_sync.o
 .text.usart_sync_read
                0x0000224c       0x5c hal/src/hal_usart_sync.o
 .text.usart_sync_init
                0x000022a8       0x4c hal/src/hal_usart_sync.o
                0x000022a8                usart_sync_init
 .text.usart_sync_enable
                0x000022f4       0x2c hal/src/hal_usart_sync.o
                0x000022f4                usart_sync_enable
 .text.usart_sync_get_io_descriptor
                0x00002320       0x2c hal/src/hal_usart_sync.o
                0x00002320                usart_sync_get_io_descriptor
 .text.assert   0x0000234c        0x6 hal/utils/src/utils_assert.o
                0x0000234c                assert
 .text.is_list_element
                0x00002352       0x14 hal/utils/src/utils_list.o
                0x00002352                is_list_element
 *fill*         0x00002366        0x2 
 .text.list_insert_as_head
                0x00002368       0x2c hal/utils/src/utils_list.o
                0x00002368                list_insert_as_head
 .text.list_insert_after
                0x00002394        0x8 hal/utils/src/utils_list.o
                0x00002394                list_insert_after
 .text.list_remove_head
                0x0000239c       0x10 hal/utils/src/utils_list.o
                0x0000239c                list_remove_head
 .text.ringbuffer_init
                0x000023ac       0x44 hal/utils/src/utils_ringbuffer.o
                0x000023ac                ringbuffer_init
 .text.ringbuffer_get
                0x000023f0       0x48 hal/utils/src/utils_ringbuffer.o
                0x000023f0                ringbuffer_get
 .text.ringbuffer_put
                0x00002438       0x40 hal/utils/src/utils_ringbuffer.o
                0x00002438                ringbuffer_put
 .text.ringbuffer_num
                0x00002478       0x24 hal/utils/src/utils_ringbuffer.o
                0x00002478                ringbuffer_num
 .text._adc_get_hardware_index
                0x0000249c        0xe hpl/adc/hpl_adc.o
 *fill*         0x000024aa        0x2 
 .text._adc_get_irq_num
                0x000024ac       0x18 hpl/adc/hpl_adc.o
 .text._adc_init_irq_param
                0x000024c4       0x18 hpl/adc/hpl_adc.o
 .text._adc_init
                0x000024dc      0x190 hpl/adc/hpl_adc.o
 .text._adc_interrupt_handler
                0x0000266c       0x52 hpl/adc/hpl_adc.o
 *fill*         0x000026be        0x2 
 .text._adc_get_regs
                0x000026c0       0x40 hpl/adc/hpl_adc.o
 .text._adc_async_init
                0x00002700      0x114 hpl/adc/hpl_adc.o
                0x00002700                _adc_async_init
 .text._adc_async_enable_channel
                0x00002814       0x16 hpl/adc/hpl_adc.o
                0x00002814                _adc_async_enable_channel
 .text._adc_async_get_data_size
                0x0000282a       0x14 hpl/adc/hpl_adc.o
                0x0000282a                _adc_async_get_data_size
 .text._adc_async_convert
                0x0000283e       0x16 hpl/adc/hpl_adc.o
                0x0000283e                _adc_async_convert
 .text._adc_async_set_irq_state
                0x00002854       0x42 hpl/adc/hpl_adc.o
                0x00002854                _adc_async_set_irq_state
 *fill*         0x00002896        0x2 
 .text.ADC1_0_Handler
                0x00002898       0x14 hpl/adc/hpl_adc.o
                0x00002898                ADC1_0_Handler
 .text.ADC1_1_Handler
                0x000028ac       0x14 hpl/adc/hpl_adc.o
                0x000028ac                ADC1_1_Handler
 .text._irq_set
                0x000028c0       0x1c hpl/core/hpl_core_m4.o
                0x000028c0                _irq_set
 .text._get_cycles_for_ms
                0x000028dc       0x10 hpl/core/hpl_core_m4.o
                0x000028dc                _get_cycles_for_ms
 .text._init_chip
                0x000028ec       0x58 hpl/core/hpl_init.o
                0x000028ec                _init_chip
 .text._dmac_handler
                0x00002944       0x80 hpl/dmac/hpl_dmac.o
 .text._dma_init
                0x000029c4      0x10c hpl/dmac/hpl_dmac.o
                0x000029c4                _dma_init
 .text._dma_set_irq_state
                0x00002ad0       0x7c hpl/dmac/hpl_dmac.o
                0x00002ad0                _dma_set_irq_state
 .text._dma_set_destination_address
                0x00002b4c       0x10 hpl/dmac/hpl_dmac.o
                0x00002b4c                _dma_set_destination_address
 .text._dma_set_source_address
                0x00002b5c       0x10 hpl/dmac/hpl_dmac.o
                0x00002b5c                _dma_set_source_address
 .text._dma_srcinc_enable
                0x00002b6c       0x1c hpl/dmac/hpl_dmac.o
                0x00002b6c                _dma_srcinc_enable
 .text._dma_set_data_amount
                0x00002b88       0x58 hpl/dmac/hpl_dmac.o
                0x00002b88                _dma_set_data_amount
 .text._dma_enable_transaction
                0x00002be0       0x3c hpl/dmac/hpl_dmac.o
                0x00002be0                _dma_enable_transaction
 .text._dma_get_channel_resource
                0x00002c1c       0x10 hpl/dmac/hpl_dmac.o
                0x00002c1c                _dma_get_channel_resource
 .text.DMAC_0_Handler
                0x00002c2c        0xc hpl/dmac/hpl_dmac.o
                0x00002c2c                DMAC_0_Handler
 .text.DMAC_1_Handler
                0x00002c38        0xc hpl/dmac/hpl_dmac.o
                0x00002c38                DMAC_1_Handler
 .text.DMAC_2_Handler
                0x00002c44        0xc hpl/dmac/hpl_dmac.o
                0x00002c44                DMAC_2_Handler
 .text.DMAC_3_Handler
                0x00002c50        0xc hpl/dmac/hpl_dmac.o
                0x00002c50                DMAC_3_Handler
 .text.DMAC_4_Handler
                0x00002c5c        0xc hpl/dmac/hpl_dmac.o
                0x00002c5c                DMAC_4_Handler
 .text._dma_set_descriptor
                0x00002c68       0x2c hpl/dmac/hpl_dmac.o
                0x00002c68                _dma_set_descriptor
 .text._gclk_init_generators_by_fref
                0x00002c94       0x5c hpl/gclk/hpl_gclk.o
                0x00002c94                _gclk_init_generators_by_fref
 .text._mclk_init
                0x00002cf0        0xc hpl/mclk/hpl_mclk.o
                0x00002cf0                _mclk_init
 .text._osc32kctrl_init_sources
                0x00002cfc       0x20 hpl/osc32kctrl/hpl_osc32kctrl.o
                0x00002cfc                _osc32kctrl_init_sources
 .text._oscctrl_init_sources
                0x00002d1c       0x1c hpl/oscctrl/hpl_oscctrl.o
                0x00002d1c                _oscctrl_init_sources
 .text._oscctrl_init_referenced_generators
                0x00002d38       0x44 hpl/oscctrl/hpl_oscctrl.o
                0x00002d38                _oscctrl_init_referenced_generators
 .text.RAMECC_Handler
                0x00002d7c       0x44 hpl/ramecc/hpl_ramecc.o
                0x00002d7c                RAMECC_Handler
 .text._sercom_get_hardware_index
                0x00002dc0       0x40 hpl/sercom/hpl_sercom.o
 .text._spi_sync_enable
                0x00002e00       0x22 hpl/sercom/hpl_sercom.o
 .text._spi_sync_rx_enable
                0x00002e22       0x22 hpl/sercom/hpl_sercom.o
 .text._spi_sync_rx_disable
                0x00002e44       0x22 hpl/sercom/hpl_sercom.o
 .text._spi_m_get_source_for_dma
                0x00002e66        0x4 hpl/sercom/hpl_sercom.o
 .text._spi_m_get_destination_for_dma
                0x00002e6a        0x4 hpl/sercom/hpl_sercom.o
 *fill*         0x00002e6e        0x2 
 .text._spi_get_tx_dma_channel
                0x00002e70       0x18 hpl/sercom/hpl_sercom.o
 .text._spi_is_rx_dma_channel_enabled
                0x00002e88       0x18 hpl/sercom/hpl_sercom.o
 .text._spi_get_rx_dma_channel
                0x00002ea0       0x24 hpl/sercom/hpl_sercom.o
 .text._spi_dma_rx_complete
                0x00002ec4        0xc hpl/sercom/hpl_sercom.o
 .text._spi_dma_suspend_complete
                0x00002ed0        0xc hpl/sercom/hpl_sercom.o
 .text._spi_dma_tx_complete
                0x00002edc        0xc hpl/sercom/hpl_sercom.o
 .text._spi_dma_error_occured
                0x00002ee8        0xc hpl/sercom/hpl_sercom.o
 .text._get_sercom_index
                0x00002ef4       0x44 hpl/sercom/hpl_sercom.o
 .text._usart_init
                0x00002f38      0x100 hpl/sercom/hpl_sercom.o
 .text._get_i2cm_index
                0x00003038       0x48 hpl/sercom/hpl_sercom.o
 .text._i2c_m_sync_init_impl
                0x00003080       0xe0 hpl/sercom/hpl_sercom.o
 .text._sercom_i2c_sync_send_address
                0x00003160      0x280 hpl/sercom/hpl_sercom.o
 .text._spi_m_dma_rx_enable
                0x000033e0       0x34 hpl/sercom/hpl_sercom.o
 .text._spi_m_dma_rx_disable
                0x00003414       0x34 hpl/sercom/hpl_sercom.o
 .text._usart_sync_init
                0x00003448       0x2c hpl/sercom/hpl_sercom.o
                0x00003448                _usart_sync_init
 .text._usart_sync_enable
                0x00003474       0x14 hpl/sercom/hpl_sercom.o
                0x00003474                _usart_sync_enable
 .text._usart_sync_write_byte
                0x00003488        0x6 hpl/sercom/hpl_sercom.o
                0x00003488                _usart_sync_write_byte
 .text._usart_sync_read_byte
                0x0000348e        0x8 hpl/sercom/hpl_sercom.o
                0x0000348e                _usart_sync_read_byte
 .text._usart_sync_is_ready_to_send
                0x00003496        0xa hpl/sercom/hpl_sercom.o
                0x00003496                _usart_sync_is_ready_to_send
 .text._usart_sync_is_transmit_done
                0x000034a0        0xa hpl/sercom/hpl_sercom.o
                0x000034a0                _usart_sync_is_transmit_done
 .text._usart_sync_is_byte_received
                0x000034aa        0xa hpl/sercom/hpl_sercom.o
                0x000034aa                _usart_sync_is_byte_received
 .text._i2c_m_sync_init
                0x000034b4       0x30 hpl/sercom/hpl_sercom.o
                0x000034b4                _i2c_m_sync_init
 .text._i2c_m_sync_enable
                0x000034e4       0x78 hpl/sercom/hpl_sercom.o
                0x000034e4                _i2c_m_sync_enable
 .text._i2c_m_sync_transfer
                0x0000355c      0x2b0 hpl/sercom/hpl_sercom.o
                0x0000355c                _i2c_m_sync_transfer
 .text._spi_m_sync_init
                0x0000380c      0x18c hpl/sercom/hpl_sercom.o
                0x0000380c                _spi_m_sync_init
 .text._spi_m_sync_enable
                0x00003998       0x34 hpl/sercom/hpl_sercom.o
                0x00003998                _spi_m_sync_enable
 .text._spi_m_sync_trans
                0x000039cc      0x100 hpl/sercom/hpl_sercom.o
                0x000039cc                _spi_m_sync_trans
 .text._spi_m_dma_init
                0x00003acc      0x188 hpl/sercom/hpl_sercom.o
                0x00003acc                _spi_m_dma_init
 .text._spi_m_dma_enable
                0x00003c54       0x34 hpl/sercom/hpl_sercom.o
                0x00003c54                _spi_m_dma_enable
 .text._spi_m_dma_register_callback
                0x00003c88       0x84 hpl/sercom/hpl_sercom.o
                0x00003c88                _spi_m_dma_register_callback
 .text._spi_m_dma_transfer
                0x00003d0c      0x120 hpl/sercom/hpl_sercom.o
                0x00003d0c                _spi_m_dma_transfer
 .text._system_time_init
                0x00003e2c       0x14 hpl/systick/hpl_systick.o
                0x00003e2c                _system_time_init
 .text._delay_init
                0x00003e40        0xc hpl/systick/hpl_systick.o
                0x00003e40                _delay_init
 .text._delay_cycles
                0x00003e4c       0x40 hpl/systick/hpl_systick.o
                0x00003e4c                _delay_cycles
 .text.tc_interrupt_handler
                0x00003e8c       0x18 hpl/tc/hpl_tc.o
 .text._tc_init_irq_param
                0x00003ea4       0x18 hpl/tc/hpl_tc.o
 .text.get_tc_index
                0x00003ebc       0x74 hpl/tc/hpl_tc.o
 .text._timer_init
                0x00003f30      0x1bc hpl/tc/hpl_tc.o
                0x00003f30                _timer_init
 .text._timer_start
                0x000040ec       0x14 hpl/tc/hpl_tc.o
                0x000040ec                _timer_start
 .text._timer_is_started
                0x00004100       0x12 hpl/tc/hpl_tc.o
                0x00004100                _timer_is_started
 .text._tc_get_timer
                0x00004112        0x4 hpl/tc/hpl_tc.o
                0x00004112                _tc_get_timer
 *fill*         0x00004116        0x2 
 .text._timer_set_irq
                0x00004118       0x40 hpl/tc/hpl_tc.o
                0x00004118                _timer_set_irq
 .text.TC0_Handler
                0x00004158       0x14 hpl/tc/hpl_tc.o
                0x00004158                TC0_Handler
 .text.TIMER_0_init
                0x0000416c       0xac hpl/tc/tc_lite.o
                0x0000416c                TIMER_0_init
 .text.TIMER_1_counter
                0x00004218       0x28 main.o
 .text.TIMER_1_read_sensor
                0x00004240      0x130 main.o
 .text.USART_EDBG_init
                0x00004370       0x24 main.o
                0x00004370                USART_EDBG_init
 .text.TIMER_1ms_init
                0x00004394       0x50 main.o
                0x00004394                TIMER_1ms_init
 .text.main     0x000043e4       0xbc main.o
                0x000043e4                main
 .text.convert_cb_ADC
                0x000044a0        0x2 TactileSensors/TactileSensors.o
 *fill*         0x000044a2        0x2 
 .text.bar_reg_write
                0x000044a4       0x48 TactileSensors/TactileSensors.o
                0x000044a4                bar_reg_write
 .text.bar_reg_read
                0x000044ec       0x4c TactileSensors/TactileSensors.o
                0x000044ec                bar_reg_read
 .text.initBaro
                0x00004538      0x158 TactileSensors/TactileSensors.o
                0x00004538                initBaro
 .text.getBaroTemp
                0x00004690        0xc TactileSensors/TactileSensors.o
                0x00004690                getBaroTemp
 .text.readBaro
                0x0000469c       0xb0 TactileSensors/TactileSensors.o
                0x0000469c                readBaro
 .text.readBaro_USART
                0x0000474c       0xec TactileSensors/TactileSensors.o
                0x0000474c                readBaro_USART
 .text.initHall
                0x00004838      0x124 TactileSensors/TactileSensors.o
                0x00004838                initHall
 .text.readHall_USART
                0x0000495c       0xf0 TactileSensors/TactileSensors.o
                0x0000495c                readHall_USART
 .text.readHall
                0x00004a4c       0xa0 TactileSensors/TactileSensors.o
                0x00004a4c                readHall
 .text.getHall_z
                0x00004aec        0xc TactileSensors/TactileSensors.o
                0x00004aec                getHall_z
 .text.getHall_x
                0x00004af8        0xc TactileSensors/TactileSensors.o
                0x00004af8                getHall_x
 .text.getHall_y
                0x00004b04        0xc TactileSensors/TactileSensors.o
                0x00004b04                getHall_y
 .text.initCap  0x00004b10      0x1cc TactileSensors/TactileSensors.o
                0x00004b10                initCap
 .text.readCap_USART
                0x00004cdc      0x160 TactileSensors/TactileSensors.o
                0x00004cdc                readCap_USART
 .text.readCap_xp
                0x00004e3c       0x54 TactileSensors/TactileSensors.o
                0x00004e3c                readCap_xp
 .text.readCap_xn
                0x00004e90        0xc TactileSensors/TactileSensors.o
                0x00004e90                readCap_xn
 .text.readCap_yp
                0x00004e9c       0x54 TactileSensors/TactileSensors.o
                0x00004e9c                readCap_yp
 .text.readCap_yn
                0x00004ef0        0xc TactileSensors/TactileSensors.o
                0x00004ef0                readCap_yn
 .text.readPE   0x00004efc       0x3c TactileSensors/TactileSensors.o
                0x00004efc                readPE
 .text.readPE_USART
                0x00004f38       0x54 TactileSensors/TactileSensors.o
                0x00004f38                readPE_USART
 .text.ADC_MCP_Init
                0x00004f8c       0x34 TactileSensors/TactileSensors.o
                0x00004f8c                ADC_MCP_Init
 .text.InitPR   0x00004fc0        0xc TactileSensors/TactileSensors.o
                0x00004fc0                InitPR
 .text.readPR   0x00004fcc       0x44 TactileSensors/TactileSensors.o
                0x00004fcc                readPR
 .text.readPR_USART
                0x00005010       0x5c TactileSensors/TactileSensors.o
                0x00005010                readPR_USART
 .text.InitPE   0x0000506c       0x6c TactileSensors/TactileSensors.o
                0x0000506c                InitPE
 .text          0x000050d8      0x370 d:/programme/7.0/toolchain/arm/arm-gnu-toolchain/bin/../lib/gcc/arm-none-eabi/6.3.1/thumb/v7e-m\libgcc.a(_arm_addsubdf3.o)
                0x000050d8                __aeabi_drsub
                0x000050e0                __aeabi_dsub
                0x000050e0                __subdf3
                0x000050e4                __aeabi_dadd
                0x000050e4                __adddf3
                0x0000535c                __floatunsidf
                0x0000535c                __aeabi_ui2d
                0x0000537c                __floatsidf
                0x0000537c                __aeabi_i2d
                0x000053a0                __aeabi_f2d
                0x000053a0                __extendsfdf2
                0x000053dc                __floatundidf
                0x000053dc                __aeabi_ul2d
                0x000053ec                __floatdidf
                0x000053ec                __aeabi_l2d
 .text          0x00005448      0x424 d:/programme/7.0/toolchain/arm/arm-gnu-toolchain/bin/../lib/gcc/arm-none-eabi/6.3.1/thumb/v7e-m\libgcc.a(_arm_muldivdf3.o)
                0x00005448                __aeabi_dmul
                0x00005448                __muldf3
                0x0000569c                __divdf3
                0x0000569c                __aeabi_ddiv
 .text          0x0000586c      0x110 d:/programme/7.0/toolchain/arm/arm-gnu-toolchain/bin/../lib/gcc/arm-none-eabi/6.3.1/thumb/v7e-m\libgcc.a(_arm_cmpdf2.o)
                0x0000586c                __gtdf2
                0x0000586c                __gedf2
                0x00005874                __ltdf2
                0x00005874                __ledf2
                0x0000587c                __nedf2
                0x0000587c                __eqdf2
                0x0000587c                __cmpdf2
                0x000058f8                __aeabi_cdrcmple
                0x00005908                __aeabi_cdcmpeq
                0x00005908                __aeabi_cdcmple
                0x00005918                __aeabi_dcmpeq
                0x0000592c                __aeabi_dcmplt
                0x00005940                __aeabi_dcmple
                0x00005954                __aeabi_dcmpge
                0x00005968                __aeabi_dcmpgt
 .text          0x0000597c       0x2c d:/programme/7.0/toolchain/arm/arm-gnu-toolchain/bin/../lib/gcc/arm-none-eabi/6.3.1/thumb/v7e-m\libgcc.a(_arm_unorddf2.o)
                0x0000597c                __unorddf2
                0x0000597c                __aeabi_dcmpun
 .text          0x000059a8       0xa0 d:/programme/7.0/toolchain/arm/arm-gnu-toolchain/bin/../lib/gcc/arm-none-eabi/6.3.1/thumb/v7e-m\libgcc.a(_aeabi_ldivmod.o)
                0x000059a8                __aeabi_ldivmod
 .text          0x00005a48      0x2dc d:/programme/7.0/toolchain/arm/arm-gnu-toolchain/bin/../lib/gcc/arm-none-eabi/6.3.1/thumb/v7e-m\libgcc.a(_udivmoddi4.o)
                0x00005a48                __udivmoddi4
 .text          0x00005d24        0x4 d:/programme/7.0/toolchain/arm/arm-gnu-toolchain/bin/../lib/gcc/arm-none-eabi/6.3.1/thumb/v7e-m\libgcc.a(_dvmd_tls.o)
                0x00005d24                __aeabi_idiv0
                0x00005d24                __aeabi_ldiv0
 .text.__libc_init_array
                0x00005d28       0x48 d:/programme/7.0/toolchain/arm/arm-gnu-toolchain/bin/../lib/gcc/arm-none-eabi/6.3.1/../../../../arm-none-eabi/lib/thumb/v7e-m\libc_nano.a(lib_a-init.o)
                0x00005d28                __libc_init_array
 *(.glue_7t)
 .glue_7t       0x00005d70        0x0 linker stubs
 *(.glue_7)
 .glue_7        0x00005d70        0x0 linker stubs
 *(.rodata .rodata* .gnu.linkonce.r.*)
 .rodata        0x00005d70        0x2 BMP280/bmp280.o
 *fill*         0x00005d72        0x2 
 .rodata        0x00005d74       0x14 EtherCAT/ethercat_e54.o
 .rodata.str1.4
                0x00005d88       0x1b hal/src/hal_adc_async.o
 *fill*         0x00005da3        0x1 
 .rodata.str1.4
                0x00005da4       0x1c hal/src/hal_i2c_m_sync.o
 .rodata.str1.4
                0x00005dc0       0x14 hal/src/hal_io.o
 .rodata.str1.4
                0x00005dd4       0x1b hal/src/hal_spi_m_dma.o
 *fill*         0x00005def        0x1 
 .rodata.str1.4
                0x00005df0       0x1c hal/src/hal_spi_m_sync.o
 .rodata.str1.4
                0x00005e0c       0x17 hal/src/hal_timer.o
 *fill*         0x00005e23        0x1 
 .rodata.str1.4
                0x00005e24       0x1c hal/src/hal_usart_sync.o
 .rodata.str1.4
                0x00005e40       0x1e hal/utils/src/utils_list.o
 *fill*         0x00005e5e        0x2 
 .rodata.str1.4
                0x00005e60       0x24 hal/utils/src/utils_ringbuffer.o
 .rodata        0x00005e84       0x16 hpl/adc/hpl_adc.o
 *fill*         0x00005e9a        0x2 
 .rodata.str1.4
                0x00005e9c       0x15 hpl/adc/hpl_adc.o
 *fill*         0x00005eb1        0x3 
 .rodata        0x00005eb4      0x100 hpl/dmac/hpl_dmac.o
 .rodata        0x00005fb4       0x82 hpl/sercom/hpl_sercom.o
 *fill*         0x00006036        0x2 
 .rodata.str1.4
                0x00006038       0x1b hpl/sercom/hpl_sercom.o
 *fill*         0x00006053        0x1 
 .rodata        0x00006054       0x34 hpl/tc/hpl_tc.o
 .rodata.str1.4
                0x00006088       0x14 hpl/tc/hpl_tc.o
                                 0x13 (size before relaxing)
 *(.ARM.extab* .gnu.linkonce.armextab.*)
                0x0000609c                . = ALIGN (0x4)
 *(.init)
 .init          0x0000609c        0x4 d:/programme/7.0/toolchain/arm/arm-gnu-toolchain/bin/../lib/gcc/arm-none-eabi/6.3.1/thumb/v7e-m/crti.o
                0x0000609c                _init
 .init          0x000060a0        0x8 d:/programme/7.0/toolchain/arm/arm-gnu-toolchain/bin/../lib/gcc/arm-none-eabi/6.3.1/thumb/v7e-m/crtn.o
                0x000060a8                . = ALIGN (0x4)
                0x000060a8                __preinit_array_start = .
 *(.preinit_array)
                0x000060a8                __preinit_array_end = .
                0x000060a8                . = ALIGN (0x4)
                0x000060a8                __init_array_start = .
 *(SORT(.init_array.*))
 *(.init_array)
 .init_array    0x000060a8        0x4 d:/programme/7.0/toolchain/arm/arm-gnu-toolchain/bin/../lib/gcc/arm-none-eabi/6.3.1/thumb/v7e-m/crtbegin.o
                0x000060ac                __init_array_end = .
                0x000060ac                . = ALIGN (0x4)
 *crtbegin.o(.ctors)
 *(EXCLUDE_FILE(*crtend.o) .ctors)
 *(SORT(.ctors.*))
 *crtend.o(.ctors)
                0x000060ac                . = ALIGN (0x4)
 *(.fini)
 .fini          0x000060ac        0x4 d:/programme/7.0/toolchain/arm/arm-gnu-toolchain/bin/../lib/gcc/arm-none-eabi/6.3.1/thumb/v7e-m/crti.o
                0x000060ac                _fini
 .fini          0x000060b0        0x8 d:/programme/7.0/toolchain/arm/arm-gnu-toolchain/bin/../lib/gcc/arm-none-eabi/6.3.1/thumb/v7e-m/crtn.o
                0x000060b8                . = ALIGN (0x4)
                0x000060b8                __fini_array_start = .
 *(.fini_array)
 .fini_array    0x000060b8        0x4 d:/programme/7.0/toolchain/arm/arm-gnu-toolchain/bin/../lib/gcc/arm-none-eabi/6.3.1/thumb/v7e-m/crtbegin.o
 *(SORT(.fini_array.*))
                0x000060bc                __fini_array_end = .
 *crtbegin.o(.dtors)
 *(EXCLUDE_FILE(*crtend.o) .dtors)
 *(SORT(.dtors.*))
 *crtend.o(.dtors)
                0x000060bc                . = ALIGN (0x4)
                0x000060bc                _efixed = .
                [!provide]                PROVIDE (__exidx_start, .)

.vfp11_veneer   0x000060bc        0x0
 .vfp11_veneer  0x000060bc        0x0 linker stubs

.v4_bx          0x000060bc        0x0
 .v4_bx         0x000060bc        0x0 linker stubs

.iplt           0x000060bc        0x0
 .iplt          0x000060bc        0x0 d:/programme/7.0/toolchain/arm/arm-gnu-toolchain/bin/../lib/gcc/arm-none-eabi/6.3.1/thumb/v7e-m/crtbegin.o

.ARM.exidx      0x000060bc        0x8
 *(.ARM.exidx* .gnu.linkonce.armexidx.*)
 .ARM.exidx     0x000060bc        0x8 d:/programme/7.0/toolchain/arm/arm-gnu-toolchain/bin/../lib/gcc/arm-none-eabi/6.3.1/thumb/v7e-m\libgcc.a(_udivmoddi4.o)
                [!provide]                PROVIDE (__exidx_end, .)

.eh_frame       0x000060c4        0x0
 .eh_frame      0x000060c4        0x0 d:/programme/7.0/toolchain/arm/arm-gnu-toolchain/bin/../lib/gcc/arm-none-eabi/6.3.1/thumb/v7e-m/crtbegin.o

.rel.dyn        0x000060c4        0x0
 .rel.iplt      0x000060c4        0x0 d:/programme/7.0/toolchain/arm/arm-gnu-toolchain/bin/../lib/gcc/arm-none-eabi/6.3.1/thumb/v7e-m/crtbegin.o

.jcr            0x000060c4        0x0
 .jcr           0x000060c4        0x0 d:/programme/7.0/toolchain/arm/arm-gnu-toolchain/bin/../lib/gcc/arm-none-eabi/6.3.1/thumb/v7e-m/crtbegin.o

.igot.plt       0x000060c4        0x0
 .igot.plt      0x000060c4        0x0 d:/programme/7.0/toolchain/arm/arm-gnu-toolchain/bin/../lib/gcc/arm-none-eabi/6.3.1/thumb/v7e-m/crtbegin.o
                0x000060c4                . = ALIGN (0x4)
                0x000060c4                _etext = .

.relocate       0x20000000      0x21c load address 0x000060c4
                0x20000000                . = ALIGN (0x4)
                0x20000000                _srelocate = .
 *(.ramfunc .ramfunc.*)
 *(.data .data.*)
 .data          0x20000000       0x72 EtherCAT/ethercat_e54.o
 *fill*         0x20000072        0x2 
 .data          0x20000074       0xae main.o
                0x20000074                mu_controller__status
                0x20000078                sensor__status
                0x2000007c                resistive_sensor__value
                0x20000080                piezoelectric_sensor__value
                0x20000084                capacitive_sensor__x_p
                0x20000088                capacitive_sensor__x_n
                0x2000008c                capacitive_sensor__y_p
                0x20000090                capacitive_sensor__y_n
                0x20000094                hall_sensor(long long)
                0x20000098                hall_sensor__y
                0x2000009c                hall_sensor__z
                0x200000a0                barometer_sensor__value
                0x200000a4                barometer_temp__value
                0x200000a8                sensor__mode
                0x200000ac                mu_controller__mode
 *fill*         0x20000122        0x2 
 .data          0x20000124       0xf6 TactileSensors/TactileSensors.o
                0x20000124                bar_read_chip_id
                0x20000128                bar_reset
                0x2000012a                bar_read_ctrl_meas
                0x2000012c                bar_write_ctrl_meas
                0x20000130                Data_Streamer_buf_8
                0x2000013a                hall_cmmd_exit
                0x2000013b                hall_cmmd_reset
                0x2000013c                hall_read_reg_02
                0x20000140                hall_write_reg_02
                0x20000144                hall_read_reg_01
                0x20000148                hall_write_reg_01
                0x2000014c                hall_cmmd_measure
                0x2000014d                hall_cmmd_read
                0x20000150                Data_Streamer_buf_12
                0x2000015c                spi_write_reg80
                0x20000160                spi_read_reg80
                0x20000164                spi_write_reg81
                0x20000168                spi_read_reg81
                0x2000016c                spi_write_reg82
                0x20000170                spi_write_reg83
                0x20000174                spi_write_reg88
                0x20000178                spi_write_reg89
                0x2000017c                spi_write_reg8A
                0x20000180                spi_write_reg8B
                0x20000184                spi_write_reg90
                0x20000188                spi_write_reg91
                0x2000018c                spi_write_reg92
                0x20000190                spi_write_reg93
                0x20000194                spi_write_reg00
                0x20000198                spi_write_reg01
                0x2000019c                spi_write_reg02
                0x200001a0                spi_write_reg03
                0x200001a4                spi_write_reg04
                0x200001a8                spi_write_reg01_2
                0x200001ac                spi_read_reg88
                0x200001b0                spi_read_S0_data
                0x200001b4                spi_read_S1_data
                0x200001b8                spi_read_S2_data
                0x200001bc                Data_Streamer_buf_2
                0x200001c0                MCP_addr
                0x200001c4                i2c_write_V0
                0x200001c6                i2c_read_V0
                0x200001c8                spi_read_reg00
                0x200001cc                spi_read_reg91
                0x200001d0                spi_read_reg90
                0x200001d4                spi_read_reg89
                0x200001d8                spi_read_reg87
                0x200001dc                spi_read_reg86
                0x200001e0                spi_read_reg85
                0x200001e4                spi_read_reg84
                0x200001e8                spi_read_reg83
                0x200001ec                spi_read_reg82
                0x200001f0                hall_read_reg_z
                0x200001f4                hall_read_reg_y
                0x200001f8                hall_read_reg_x
                0x200001fc                hall_read_reg_temp
                0x20000200                hall_read_reg_05
                0x20000204                hall_read_reg_04
                0x20000208                hall_read_reg_03
                0x2000020c                hall_read_reg_00
                0x20000210                bar_write_reset
                0x20000214                bar_write_F4
                0x20000216                bar_read_F4
                0x20000217                bar_read_pres
                0x20000218                bar_read_temp
                0x20000219                i2c_read_V1
                0x2000021c                . = ALIGN (0x4)
 *fill*         0x2000021a        0x2 
                0x2000021c                _erelocate = .

.bkupram        0x47000000        0x0
                0x47000000                . = ALIGN (0x8)
                0x47000000                _sbkupram = .
 *(.bkupram .bkupram.*)
                0x47000000                . = ALIGN (0x8)
                0x47000000                _ebkupram = .

.qspi           0x04000000        0x0
                0x04000000                . = ALIGN (0x8)
                0x04000000                _sqspi = .
 *(.qspi .qspi.*)
                0x04000000                . = ALIGN (0x8)
                0x04000000                _eqspi = .

.bss            0x20000220      0x9d4 load address 0x000062f0
                0x20000220                . = ALIGN (0x4)
                0x20000220                _sbss = .
                0x20000220                _szero = .
 *(.bss .bss.*)
 .bss           0x20000220       0x1c d:/programme/7.0/toolchain/arm/arm-gnu-toolchain/bin/../lib/gcc/arm-none-eabi/6.3.1/thumb/v7e-m/crtbegin.o
 .bss           0x2000023c       0x14 driver_init.o
 .bss           0x20000250        0x4 hal/src/hal_delay.o
 .bss           0x20000254        0x4 hpl/adc/hpl_adc.o
 .bss           0x20000258      0x200 hpl/dmac/hpl_dmac.o
 .bss           0x20000458        0x4 hpl/tc/hpl_tc.o
 .bss           0x2000045c       0x38 main.o
                0x2000045c                counter
                0x20000488                usart_en
                0x20000489                test
                0x2000048c                capacitive_sensor_result
 .bss           0x20000494       0x53 TactileSensors/TactileSensors.o
                0x20000494                buffer_Read_reg
                0x20000497                chipID
                0x20000498                buffer_Read_data
                0x200004a4                hall_status
                0x200004a8                hall_temp
                0x200004ac                hall_x
                0x200004b0                hall_y
                0x200004b4                hall_z
                0x200004b6                hall_x_16
                0x200004b8                hall_y_16
                0x200004ba                hall_z_16
                0x200004bc                hall_temp_16
                0x200004c0                reg81
                0x200004c2                x_p
                0x200004c4                S0_conv
                0x200004c6                x_n
                0x200004c8                S1_conv
                0x200004cc                S2_conv
                0x200004ce                y_p
                0x200004d0                y_n
                0x200004d2                ADC_result
                0x200004d4                cap_result
                0x200004dc                buffer_Write_data
                0x200004e0                result
                0x200004e4                buffer_Write_reg
 *(COMMON)
 *fill*         0x200004e7        0x1 
 COMMON         0x200004e8       0xd4 driver_init.o
                0x200004e8                SPI_1
                0x20000500                ADC_0
                0x2000052c                ADC_0_ch
                0x20000544                TIMER_1
                0x20000560                SPI_0
                0x20000590                USART_0
                0x2000059c                I2C_0
 *fill*         0x200005bc        0x4 
 COMMON         0x200005c0      0x199 EtherCAT/ethercat_e54.o
                0x200005c0                spi_rx_config_fifo_dma_descriptor
                0x200005d0                spi_rx_read_fifo_dma_descriptor
                0x200005e0                spi_write_fifo_dma_descriptor
                0x200005f0                spi_read2ram_dma_descriptor
                0x20000600                spi_write2ram_dma_descriptor
                0x20000610                spi_rx_buffer
                0x20000630                spi_clear_rd_fifo_dma_descriptor
                0x20000640                spi_rx_abort_fifo_dma_descriptor
                0x20000650                ram_buffer
                0x200006d0                spi_rx_clear_rd_fifo_dma_descriptor
                0x200006e0                spi_rx_write_cl_fifo_dma_descriptor
                0x200006f0                spi_config_fifo_dma_descriptor
                0x20000700                spi_abort_fifo_dma_descriptor
                0x20000710                tx_ethercat
                0x20000718                spi_rx_read2ram_dma_descriptor
                0x20000728                spi_write_cl_fifo_dma_descriptor
                0x20000738                spi_read_fifo_dma_descriptor
                0x20000748                spi_rx_write_fifo_dma_descriptor
                0x20000758                tx_ethercat_done
 *fill*         0x20000759        0x7 
 COMMON         0x20000760      0x400 hpl/dmac/hpl_dmac.o
                0x20000760                _descriptor_section
                0x20000960                _write_back_section
 COMMON         0x20000b60       0x10 hpl/ramecc/hpl_ramecc.o
                0x20000b60                device
 COMMON         0x20000b70        0x4 main.o
                0x20000b70                USART_io
 *fill*         0x20000b74        0x4 
 COMMON         0x20000b78       0x7c TactileSensors/TactileSensors.o
                0x20000b78                pres
                0x20000b80                conf
                0x20000b88                bmp
                0x20000bbc                rslt
                0x20000bc0                bar_temperature
                0x20000bc4                bar_pressure
                0x20000bc8                pres32
                0x20000bd0                temp
                0x20000bd8                buffer
                0x20000bdc                I2C_io
                0x20000be0                ucomp_data
                0x20000be8                pres64
                0x20000bec                temp32
                0x20000bf0                SPI_io
                0x20000bf4                . = ALIGN (0x4)
                0x20000bf4                _ebss = .
                0x20000bf4                _ezero = .

.stack          0x20000bf4    0x10004 load address 0x00006cc4
                0x20000bf8                . = ALIGN (0x8)
 *fill*         0x20000bf4        0x4 
                0x20000bf8                _sstack = .
                0x20010bf8                . = (. + STACK_SIZE)
 *fill*         0x20000bf8    0x10000 
                0x20010bf8                . = ALIGN (0x8)
                0x20010bf8                _estack = .
                0x20010bf8                . = ALIGN (0x4)
                0x20010bf8                _end = .
OUTPUT(EtherCAT lab4.elf elf32-littlearm)

.ARM.attributes
                0x00000000       0x2e
 .ARM.attributes
                0x00000000       0x1e d:/programme/7.0/toolchain/arm/arm-gnu-toolchain/bin/../lib/gcc/arm-none-eabi/6.3.1/thumb/v7e-m/crti.o
 .ARM.attributes
                0x0000001e       0x2e d:/programme/7.0/toolchain/arm/arm-gnu-toolchain/bin/../lib/gcc/arm-none-eabi/6.3.1/thumb/v7e-m/crtbegin.o
 .ARM.attributes
                0x0000004c       0x37 atmel_start.o
 .ARM.attributes
                0x00000083       0x37 BMP280/bmp280.o
 .ARM.attributes
                0x000000ba       0x37 Device_Startup/startup_same54.o
 .ARM.attributes
                0x000000f1       0x37 driver_init.o
 .ARM.attributes
                0x00000128       0x37 EtherCAT/ethercat_e54.o
 .ARM.attributes
                0x0000015f       0x37 hal/src/hal_adc_async.o
 .ARM.attributes
                0x00000196       0x37 hal/src/hal_atomic.o
 .ARM.attributes
                0x000001cd       0x37 hal/src/hal_delay.o
 .ARM.attributes
                0x00000204       0x37 hal/src/hal_i2c_m_sync.o
 .ARM.attributes
                0x0000023b       0x37 hal/src/hal_io.o
 .ARM.attributes
                0x00000272       0x37 hal/src/hal_spi_m_dma.o
 .ARM.attributes
                0x000002a9       0x37 hal/src/hal_spi_m_sync.o
 .ARM.attributes
                0x000002e0       0x37 hal/src/hal_timer.o
 .ARM.attributes
                0x00000317       0x37 hal/src/hal_usart_sync.o
 .ARM.attributes
                0x0000034e       0x37 hal/utils/src/utils_assert.o
 .ARM.attributes
                0x00000385       0x37 hal/utils/src/utils_list.o
 .ARM.attributes
                0x000003bc       0x37 hal/utils/src/utils_ringbuffer.o
 .ARM.attributes
                0x000003f3       0x37 hpl/adc/hpl_adc.o
 .ARM.attributes
                0x0000042a       0x37 hpl/core/hpl_core_m4.o
 .ARM.attributes
                0x00000461       0x37 hpl/core/hpl_init.o
 .ARM.attributes
                0x00000498       0x37 hpl/dmac/hpl_dmac.o
 .ARM.attributes
                0x000004cf       0x37 hpl/gclk/hpl_gclk.o
 .ARM.attributes
                0x00000506       0x37 hpl/mclk/hpl_mclk.o
 .ARM.attributes
                0x0000053d       0x37 hpl/osc32kctrl/hpl_osc32kctrl.o
 .ARM.attributes
                0x00000574       0x37 hpl/oscctrl/hpl_oscctrl.o
 .ARM.attributes
                0x000005ab       0x37 hpl/ramecc/hpl_ramecc.o
 .ARM.attributes
                0x000005e2       0x37 hpl/sercom/hpl_sercom.o
 .ARM.attributes
                0x00000619       0x37 hpl/systick/hpl_systick.o
 .ARM.attributes
                0x00000650       0x37 hpl/tc/hpl_tc.o
 .ARM.attributes
                0x00000687       0x37 hpl/tc/tc_lite.o
 .ARM.attributes
                0x000006be       0x37 main.o
 .ARM.attributes
                0x000006f5       0x37 TactileSensors/TactileSensors.o
 .ARM.attributes
                0x0000072c       0x1e d:/programme/7.0/toolchain/arm/arm-gnu-toolchain/bin/../lib/gcc/arm-none-eabi/6.3.1/thumb/v7e-m\libgcc.a(_arm_addsubdf3.o)
 .ARM.attributes
                0x0000074a       0x1e d:/programme/7.0/toolchain/arm/arm-gnu-toolchain/bin/../lib/gcc/arm-none-eabi/6.3.1/thumb/v7e-m\libgcc.a(_arm_muldivdf3.o)
 .ARM.attributes
                0x00000768       0x1e d:/programme/7.0/toolchain/arm/arm-gnu-toolchain/bin/../lib/gcc/arm-none-eabi/6.3.1/thumb/v7e-m\libgcc.a(_arm_cmpdf2.o)
 .ARM.attributes
                0x00000786       0x1e d:/programme/7.0/toolchain/arm/arm-gnu-toolchain/bin/../lib/gcc/arm-none-eabi/6.3.1/thumb/v7e-m\libgcc.a(_arm_unorddf2.o)
 .ARM.attributes
                0x000007a4       0x1e d:/programme/7.0/toolchain/arm/arm-gnu-toolchain/bin/../lib/gcc/arm-none-eabi/6.3.1/thumb/v7e-m\libgcc.a(_aeabi_ldivmod.o)
 .ARM.attributes
                0x000007c2       0x2e d:/programme/7.0/toolchain/arm/arm-gnu-toolchain/bin/../lib/gcc/arm-none-eabi/6.3.1/thumb/v7e-m\libgcc.a(_udivmoddi4.o)
 .ARM.attributes
                0x000007f0       0x1e d:/programme/7.0/toolchain/arm/arm-gnu-toolchain/bin/../lib/gcc/arm-none-eabi/6.3.1/thumb/v7e-m\libgcc.a(_dvmd_tls.o)
 .ARM.attributes
                0x0000080e       0x2e d:/programme/7.0/toolchain/arm/arm-gnu-toolchain/bin/../lib/gcc/arm-none-eabi/6.3.1/../../../../arm-none-eabi/lib/thumb/v7e-m\libc_nano.a(lib_a-init.o)
 .ARM.attributes
                0x0000083c       0x1e d:/programme/7.0/toolchain/arm/arm-gnu-toolchain/bin/../lib/gcc/arm-none-eabi/6.3.1/thumb/v7e-m/crtn.o

.comment        0x00000000       0x59
 .comment       0x00000000       0x59 atmel_start.o
                                 0x5a (size before relaxing)
 .comment       0x00000059       0x5a BMP280/bmp280.o
 .comment       0x00000059       0x5a Device_Startup/startup_same54.o
 .comment       0x00000059       0x5a driver_init.o
 .comment       0x00000059       0x5a EtherCAT/ethercat_e54.o
 .comment       0x00000059       0x5a hal/src/hal_adc_async.o
 .comment       0x00000059       0x5a hal/src/hal_atomic.o
 .comment       0x00000059       0x5a hal/src/hal_delay.o
 .comment       0x00000059       0x5a hal/src/hal_i2c_m_sync.o
 .comment       0x00000059       0x5a hal/src/hal_io.o
 .comment       0x00000059       0x5a hal/src/hal_spi_m_dma.o
 .comment       0x00000059       0x5a hal/src/hal_spi_m_sync.o
 .comment       0x00000059       0x5a hal/src/hal_timer.o
 .comment       0x00000059       0x5a hal/src/hal_usart_sync.o
 .comment       0x00000059       0x5a hal/utils/src/utils_assert.o
 .comment       0x00000059       0x5a hal/utils/src/utils_list.o
 .comment       0x00000059       0x5a hal/utils/src/utils_ringbuffer.o
 .comment       0x00000059       0x5a hpl/adc/hpl_adc.o
 .comment       0x00000059       0x5a hpl/core/hpl_core_m4.o
 .comment       0x00000059       0x5a hpl/core/hpl_init.o
 .comment       0x00000059       0x5a hpl/dmac/hpl_dmac.o
 .comment       0x00000059       0x5a hpl/gclk/hpl_gclk.o
 .comment       0x00000059       0x5a hpl/mclk/hpl_mclk.o
 .comment       0x00000059       0x5a hpl/osc32kctrl/hpl_osc32kctrl.o
 .comment       0x00000059       0x5a hpl/oscctrl/hpl_oscctrl.o
 .comment       0x00000059       0x5a hpl/ramecc/hpl_ramecc.o
 .comment       0x00000059       0x5a hpl/sercom/hpl_sercom.o
 .comment       0x00000059       0x5a hpl/systick/hpl_systick.o
 .comment       0x00000059       0x5a hpl/tc/hpl_tc.o
 .comment       0x00000059       0x5a hpl/tc/tc_lite.o
 .comment       0x00000059       0x5a main.o
 .comment       0x00000059       0x5a TactileSensors/TactileSensors.o

.debug_info     0x00000000    0x3d3f8
 .debug_info    0x00000000      0x86c atmel_start.o
 .debug_info    0x0000086c     0x1238 BMP280/bmp280.o
 .debug_info    0x00001aa4      0xd7d Device_Startup/startup_same54.o
 .debug_info    0x00002821     0x8195 driver_init.o
 .debug_info    0x0000a9b6     0x720a EtherCAT/ethercat_e54.o
 .debug_info    0x00011bc0     0x143b hal/src/hal_adc_async.o
 .debug_info    0x00012ffb      0x1fa hal/src/hal_atomic.o
 .debug_info    0x000131f5      0x205 hal/src/hal_delay.o
 .debug_info    0x000133fa      0x89f hal/src/hal_i2c_m_sync.o
 .debug_info    0x00013c99      0x2c5 hal/src/hal_io.o
 .debug_info    0x00013f5e      0xbff hal/src/hal_spi_m_dma.o
 .debug_info    0x00014b5d      0xa2c hal/src/hal_spi_m_sync.o
 .debug_info    0x00015589      0xbc4 hal/src/hal_timer.o
 .debug_info    0x0001614d      0xcc9 hal/src/hal_usart_sync.o
 .debug_info    0x00016e16      0x130 hal/utils/src/utils_assert.o
 .debug_info    0x00016f46      0x33e hal/utils/src/utils_list.o
 .debug_info    0x00017284      0x31c hal/utils/src/utils_ringbuffer.o
 .debug_info    0x000175a0     0x4498 hpl/adc/hpl_adc.o
 .debug_info    0x0001ba38      0xbf6 hpl/core/hpl_core_m4.o
 .debug_info    0x0001c62e     0x14e7 hpl/core/hpl_init.o
 .debug_info    0x0001db15     0x31d1 hpl/dmac/hpl_dmac.o
 .debug_info    0x00020ce6      0x72f hpl/gclk/hpl_gclk.o
 .debug_info    0x00021415      0xa55 hpl/mclk/hpl_mclk.o
 .debug_info    0x00021e6a      0x819 hpl/osc32kctrl/hpl_osc32kctrl.o
 .debug_info    0x00022683     0x136e hpl/oscctrl/hpl_oscctrl.o
 .debug_info    0x000239f1      0xc15 hpl/ramecc/hpl_ramecc.o
 .debug_info    0x00024606     0xcbeb hpl/sercom/hpl_sercom.o
 .debug_info    0x000311f1      0x289 hpl/systick/hpl_systick.o
 .debug_info    0x0003147a     0x2c23 hpl/tc/hpl_tc.o
 .debug_info    0x0003409d     0x1604 hpl/tc/tc_lite.o
 .debug_info    0x000356a1     0x1d56 main.o
 .debug_info    0x000373f7     0x6001 TactileSensors/TactileSensors.o

.debug_abbrev   0x00000000     0x4cba
 .debug_abbrev  0x00000000      0x104 atmel_start.o
 .debug_abbrev  0x00000104      0x285 BMP280/bmp280.o
 .debug_abbrev  0x00000389      0x171 Device_Startup/startup_same54.o
 .debug_abbrev  0x000004fa      0x3da driver_init.o
 .debug_abbrev  0x000008d4      0x3ea EtherCAT/ethercat_e54.o
 .debug_abbrev  0x00000cbe      0x1fb hal/src/hal_adc_async.o
 .debug_abbrev  0x00000eb9      0x155 hal/src/hal_atomic.o
 .debug_abbrev  0x0000100e       0xf9 hal/src/hal_delay.o
 .debug_abbrev  0x00001107      0x1b7 hal/src/hal_i2c_m_sync.o
 .debug_abbrev  0x000012be      0x12d hal/src/hal_io.o
 .debug_abbrev  0x000013eb      0x1b4 hal/src/hal_spi_m_dma.o
 .debug_abbrev  0x0000159f      0x1c9 hal/src/hal_spi_m_sync.o
 .debug_abbrev  0x00001768      0x232 hal/src/hal_timer.o
 .debug_abbrev  0x0000199a      0x22f hal/src/hal_usart_sync.o
 .debug_abbrev  0x00001bc9       0x9e hal/utils/src/utils_assert.o
 .debug_abbrev  0x00001c67      0x186 hal/utils/src/utils_list.o
 .debug_abbrev  0x00001ded      0x10c hal/utils/src/utils_ringbuffer.o
 .debug_abbrev  0x00001ef9      0x562 hpl/adc/hpl_adc.o
 .debug_abbrev  0x0000245b      0x29d hpl/core/hpl_core_m4.o
 .debug_abbrev  0x000026f8      0x1df hpl/core/hpl_init.o
 .debug_abbrev  0x000028d7      0x3ce hpl/dmac/hpl_dmac.o
 .debug_abbrev  0x00002ca5      0x1c9 hpl/gclk/hpl_gclk.o
 .debug_abbrev  0x00002e6e      0x1bd hpl/mclk/hpl_mclk.o
 .debug_abbrev  0x0000302b      0x1fc hpl/osc32kctrl/hpl_osc32kctrl.o
 .debug_abbrev  0x00003227      0x216 hpl/oscctrl/hpl_oscctrl.o
 .debug_abbrev  0x0000343d      0x2c8 hpl/ramecc/hpl_ramecc.o
 .debug_abbrev  0x00003705      0x5c5 hpl/sercom/hpl_sercom.o
 .debug_abbrev  0x00003cca      0x174 hpl/systick/hpl_systick.o
 .debug_abbrev  0x00003e3e      0x51c hpl/tc/hpl_tc.o
 .debug_abbrev  0x0000435a      0x25f hpl/tc/tc_lite.o
 .debug_abbrev  0x000045b9      0x2d3 main.o
 .debug_abbrev  0x0000488c      0x42e TactileSensors/TactileSensors.o

.debug_loc      0x00000000    0x160f5
 .debug_loc     0x00000000       0x20 atmel_start.o
 .debug_loc     0x00000020     0x1459 BMP280/bmp280.o
 .debug_loc     0x00001479       0x78 Device_Startup/startup_same54.o
 .debug_loc     0x000014f1     0x17d6 driver_init.o
 .debug_loc     0x00002cc7      0x99b EtherCAT/ethercat_e54.o
 .debug_loc     0x00003662      0xfdf hal/src/hal_adc_async.o
 .debug_loc     0x00004641       0x13 hal/src/hal_atomic.o
 .debug_loc     0x00004654       0xc3 hal/src/hal_delay.o
 .debug_loc     0x00004717      0x764 hal/src/hal_i2c_m_sync.o
 .debug_loc     0x00004e7b      0x17e hal/src/hal_io.o
 .debug_loc     0x00004ff9      0x7a0 hal/src/hal_spi_m_dma.o
 .debug_loc     0x00005799      0x70b hal/src/hal_spi_m_sync.o
 .debug_loc     0x00005ea4      0x6c0 hal/src/hal_timer.o
 .debug_loc     0x00006564      0x95c hal/src/hal_usart_sync.o
 .debug_loc     0x00006ec0      0x24b hal/utils/src/utils_list.o
 .debug_loc     0x0000710b      0x2d0 hal/utils/src/utils_ringbuffer.o
 .debug_loc     0x000073db     0x1c68 hpl/adc/hpl_adc.o
 .debug_loc     0x00009043      0x216 hpl/core/hpl_core_m4.o
 .debug_loc     0x00009259       0x64 hpl/core/hpl_init.o
 .debug_loc     0x000092bd      0xd17 hpl/dmac/hpl_dmac.o
 .debug_loc     0x00009fd4      0x23a hpl/gclk/hpl_gclk.o
 .debug_loc     0x0000a20e       0x2c hpl/mclk/hpl_mclk.o
 .debug_loc     0x0000a23a      0x11b hpl/osc32kctrl/hpl_osc32kctrl.o
 .debug_loc     0x0000a355      0x135 hpl/oscctrl/hpl_oscctrl.o
 .debug_loc     0x0000a48a      0x130 hpl/ramecc/hpl_ramecc.o
 .debug_loc     0x0000a5ba     0x88f8 hpl/sercom/hpl_sercom.o
 .debug_loc     0x00012eb2      0x127 hpl/systick/hpl_systick.o
 .debug_loc     0x00012fd9      0xae4 hpl/tc/hpl_tc.o
 .debug_loc     0x00013abd      0x290 hpl/tc/tc_lite.o
 .debug_loc     0x00013d4d      0x18d main.o
 .debug_loc     0x00013eda     0x221b TactileSensors/TactileSensors.o

.debug_aranges  0x00000000     0x1298
 .debug_aranges
                0x00000000       0x20 atmel_start.o
 .debug_aranges
                0x00000020       0xc0 BMP280/bmp280.o
 .debug_aranges
                0x000000e0       0x28 Device_Startup/startup_same54.o
 .debug_aranges
                0x00000108       0xa0 driver_init.o
 .debug_aranges
                0x000001a8       0x48 EtherCAT/ethercat_e54.o
 .debug_aranges
                0x000001f0       0xd0 hal/src/hal_adc_async.o
 .debug_aranges
                0x000002c0       0x30 hal/src/hal_atomic.o
 .debug_aranges
                0x000002f0       0x38 hal/src/hal_delay.o
 .debug_aranges
                0x00000328       0x88 hal/src/hal_i2c_m_sync.o
 .debug_aranges
                0x000003b0       0x30 hal/src/hal_io.o
 .debug_aranges
                0x000003e0       0x90 hal/src/hal_spi_m_dma.o
 .debug_aranges
                0x00000470       0x88 hal/src/hal_spi_m_sync.o
 .debug_aranges
                0x000004f8       0x70 hal/src/hal_timer.o
 .debug_aranges
                0x00000568       0xa8 hal/src/hal_usart_sync.o
 .debug_aranges
                0x00000610       0x20 hal/utils/src/utils_assert.o
 .debug_aranges
                0x00000630       0x48 hal/utils/src/utils_list.o
 .debug_aranges
                0x00000678       0x40 hal/utils/src/utils_ringbuffer.o
 .debug_aranges
                0x000006b8      0x210 hpl/adc/hpl_adc.o
 .debug_aranges
                0x000008c8       0x70 hpl/core/hpl_core_m4.o
 .debug_aranges
                0x00000938       0x20 hpl/core/hpl_init.o
 .debug_aranges
                0x00000958       0xa0 hpl/dmac/hpl_dmac.o
 .debug_aranges
                0x000009f8       0x28 hpl/gclk/hpl_gclk.o
 .debug_aranges
                0x00000a20       0x20 hpl/mclk/hpl_mclk.o
 .debug_aranges
                0x00000a40       0x20 hpl/osc32kctrl/hpl_osc32kctrl.o
 .debug_aranges
                0x00000a60       0x28 hpl/oscctrl/hpl_oscctrl.o
 .debug_aranges
                0x00000a88       0x30 hpl/ramecc/hpl_ramecc.o
 .debug_aranges
                0x00000ab8      0x5c0 hpl/sercom/hpl_sercom.o
 .debug_aranges
                0x00001078       0x48 hpl/systick/hpl_systick.o
 .debug_aranges
                0x000010c0       0x88 hpl/tc/hpl_tc.o
 .debug_aranges
                0x00001148       0x20 hpl/tc/tc_lite.o
 .debug_aranges
                0x00001168       0x40 main.o
 .debug_aranges
                0x000011a8       0xf0 TactileSensors/TactileSensors.o

.debug_ranges   0x00000000     0x1348
 .debug_ranges  0x00000000       0x10 atmel_start.o
 .debug_ranges  0x00000010       0xb0 BMP280/bmp280.o
 .debug_ranges  0x000000c0       0x18 Device_Startup/startup_same54.o
 .debug_ranges  0x000000d8       0x90 driver_init.o
 .debug_ranges  0x00000168       0x38 EtherCAT/ethercat_e54.o
 .debug_ranges  0x000001a0       0xc0 hal/src/hal_adc_async.o
 .debug_ranges  0x00000260       0x20 hal/src/hal_atomic.o
 .debug_ranges  0x00000280       0x28 hal/src/hal_delay.o
 .debug_ranges  0x000002a8       0x78 hal/src/hal_i2c_m_sync.o
 .debug_ranges  0x00000320       0x20 hal/src/hal_io.o
 .debug_ranges  0x00000340       0x80 hal/src/hal_spi_m_dma.o
 .debug_ranges  0x000003c0       0x78 hal/src/hal_spi_m_sync.o
 .debug_ranges  0x00000438       0x90 hal/src/hal_timer.o
 .debug_ranges  0x000004c8       0x98 hal/src/hal_usart_sync.o
 .debug_ranges  0x00000560       0x10 hal/utils/src/utils_assert.o
 .debug_ranges  0x00000570       0x38 hal/utils/src/utils_list.o
 .debug_ranges  0x000005a8       0x30 hal/utils/src/utils_ringbuffer.o
 .debug_ranges  0x000005d8      0x218 hpl/adc/hpl_adc.o
 .debug_ranges  0x000007f0       0x60 hpl/core/hpl_core_m4.o
 .debug_ranges  0x00000850       0x10 hpl/core/hpl_init.o
 .debug_ranges  0x00000860       0xf0 hpl/dmac/hpl_dmac.o
 .debug_ranges  0x00000950       0x18 hpl/gclk/hpl_gclk.o
 .debug_ranges  0x00000968       0x10 hpl/mclk/hpl_mclk.o
 .debug_ranges  0x00000978       0x10 hpl/osc32kctrl/hpl_osc32kctrl.o
 .debug_ranges  0x00000988       0x18 hpl/oscctrl/hpl_oscctrl.o
 .debug_ranges  0x000009a0       0x38 hpl/ramecc/hpl_ramecc.o
 .debug_ranges  0x000009d8      0x748 hpl/sercom/hpl_sercom.o
 .debug_ranges  0x00001120       0x38 hpl/systick/hpl_systick.o
 .debug_ranges  0x00001158       0x78 hpl/tc/hpl_tc.o
 .debug_ranges  0x000011d0       0x10 hpl/tc/tc_lite.o
 .debug_ranges  0x000011e0       0x88 main.o
 .debug_ranges  0x00001268       0xe0 TactileSensors/TactileSensors.o

.debug_macro    0x00000000    0x3892a
 .debug_macro   0x00000000      0x876 atmel_start.o
 .debug_macro   0x00000876      0x8b0 atmel_start.o
 .debug_macro   0x00001126      0x16d atmel_start.o
 .debug_macro   0x00001293       0x22 atmel_start.o
 .debug_macro   0x000012b5       0x87 atmel_start.o
 .debug_macro   0x0000133c       0x51 atmel_start.o
 .debug_macro   0x0000138d       0xef atmel_start.o
 .debug_macro   0x0000147c       0x6a atmel_start.o
 .debug_macro   0x000014e6      0x1df atmel_start.o
 .debug_macro   0x000016c5       0x22 atmel_start.o
 .debug_macro   0x000016e7       0x54 atmel_start.o
 .debug_macro   0x0000173b       0x1c atmel_start.o
 .debug_macro   0x00001757       0x22 atmel_start.o
 .debug_macro   0x00001779       0xdf atmel_start.o
 .debug_macro   0x00001858     0x102d atmel_start.o
 .debug_macro   0x00002885      0x11f atmel_start.o
 .debug_macro   0x000029a4      0x706 atmel_start.o
 .debug_macro   0x000030aa      0xb5b atmel_start.o
 .debug_macro   0x00003c05      0x3c0 atmel_start.o
 .debug_macro   0x00003fc5     0x2d61 atmel_start.o
 .debug_macro   0x00006d26      0x336 atmel_start.o
 .debug_macro   0x0000705c      0x3b7 atmel_start.o
 .debug_macro   0x00007413      0x668 atmel_start.o
 .debug_macro   0x00007a7b     0x143f atmel_start.o
 .debug_macro   0x00008eba      0x651 atmel_start.o
 .debug_macro   0x0000950b      0x67b atmel_start.o
 .debug_macro   0x00009b86      0x6d7 atmel_start.o
 .debug_macro   0x0000a25d      0x172 atmel_start.o
 .debug_macro   0x0000a3cf      0x395 atmel_start.o
 .debug_macro   0x0000a764     0x19dd atmel_start.o
 .debug_macro   0x0000c141       0x3a atmel_start.o
 .debug_macro   0x0000c17b      0x72a atmel_start.o
 .debug_macro   0x0000c8a5      0xb12 atmel_start.o
 .debug_macro   0x0000d3b7      0x5d7 atmel_start.o
 .debug_macro   0x0000d98e      0xbc0 atmel_start.o
 .debug_macro   0x0000e54e      0x9b9 atmel_start.o
 .debug_macro   0x0000ef07      0x2a3 atmel_start.o
 .debug_macro   0x0000f1aa      0x8cb atmel_start.o
 .debug_macro   0x0000fa75      0x1ea atmel_start.o
 .debug_macro   0x0000fc5f      0x8f4 atmel_start.o
 .debug_macro   0x00010553      0x216 atmel_start.o
 .debug_macro   0x00010769      0x3f9 atmel_start.o
 .debug_macro   0x00010b62      0x620 atmel_start.o
 .debug_macro   0x00011182      0x10d atmel_start.o
 .debug_macro   0x0001128f       0xb8 atmel_start.o
 .debug_macro   0x00011347     0x1df7 atmel_start.o
 .debug_macro   0x0001313e     0x2e69 atmel_start.o
 .debug_macro   0x00015fa7     0x11ed atmel_start.o
 .debug_macro   0x00017194      0x50e atmel_start.o
 .debug_macro   0x000176a2      0x930 atmel_start.o
 .debug_macro   0x00017fd2     0x1ad8 atmel_start.o
 .debug_macro   0x00019aaa       0xe7 atmel_start.o
 .debug_macro   0x00019b91     0x13e6 atmel_start.o
 .debug_macro   0x0001af77      0x36a atmel_start.o
 .debug_macro   0x0001b2e1       0x94 atmel_start.o
 .debug_macro   0x0001b375       0xdc atmel_start.o
 .debug_macro   0x0001b451       0xe2 atmel_start.o
 .debug_macro   0x0001b533       0xdc atmel_start.o
 .debug_macro   0x0001b60f      0x149 atmel_start.o
 .debug_macro   0x0001b758      0x149 atmel_start.o
 .debug_macro   0x0001b8a1       0x46 atmel_start.o
 .debug_macro   0x0001b8e7       0x4c atmel_start.o
 .debug_macro   0x0001b933       0xc4 atmel_start.o
 .debug_macro   0x0001b9f7      0x7d5 atmel_start.o
 .debug_macro   0x0001c1cc       0xb8 atmel_start.o
 .debug_macro   0x0001c284       0x7c atmel_start.o
 .debug_macro   0x0001c300      0xc20 atmel_start.o
 .debug_macro   0x0001cf20       0x46 atmel_start.o
 .debug_macro   0x0001cf66      0x25b atmel_start.o
 .debug_macro   0x0001d1c1      0x31a atmel_start.o
 .debug_macro   0x0001d4db      0x170 atmel_start.o
 .debug_macro   0x0001d64b       0x7c atmel_start.o
 .debug_macro   0x0001d6c7       0xbe atmel_start.o
 .debug_macro   0x0001d785       0x4c atmel_start.o
 .debug_macro   0x0001d7d1       0x82 atmel_start.o
 .debug_macro   0x0001d853      0x1a3 atmel_start.o
 .debug_macro   0x0001d9f6       0x46 atmel_start.o
 .debug_macro   0x0001da3c       0x6a atmel_start.o
 .debug_macro   0x0001daa6       0x46 atmel_start.o
 .debug_macro   0x0001daec       0x88 atmel_start.o
 .debug_macro   0x0001db74       0x46 atmel_start.o
 .debug_macro   0x0001dbba      0x24e atmel_start.o
 .debug_macro   0x0001de08       0x1c atmel_start.o
 .debug_macro   0x0001de24       0x76 atmel_start.o
 .debug_macro   0x0001de9a       0x3a atmel_start.o
 .debug_macro   0x0001ded4       0x2e atmel_start.o
 .debug_macro   0x0001df02      0x196 atmel_start.o
 .debug_macro   0x0001e098      0x16f atmel_start.o
 .debug_macro   0x0001e207      0x16f atmel_start.o
 .debug_macro   0x0001e376      0x25d atmel_start.o
 .debug_macro   0x0001e5d3      0x25d atmel_start.o
 .debug_macro   0x0001e830      0x25d atmel_start.o
 .debug_macro   0x0001ea8d      0x25d atmel_start.o
 .debug_macro   0x0001ecea      0x25d atmel_start.o
 .debug_macro   0x0001ef47      0x25d atmel_start.o
 .debug_macro   0x0001f1a4      0x25d atmel_start.o
 .debug_macro   0x0001f401      0x25d atmel_start.o
 .debug_macro   0x0001f65e       0x52 atmel_start.o
 .debug_macro   0x0001f6b0       0xfa atmel_start.o
 .debug_macro   0x0001f7aa       0xfa atmel_start.o
 .debug_macro   0x0001f8a4       0xfa atmel_start.o
 .debug_macro   0x0001f99e       0xfa atmel_start.o
 .debug_macro   0x0001fa98       0xfa atmel_start.o
 .debug_macro   0x0001fb92       0xfa atmel_start.o
 .debug_macro   0x0001fc8c       0xfa atmel_start.o
 .debug_macro   0x0001fd86       0xfa atmel_start.o
 .debug_macro   0x0001fe80      0x148 atmel_start.o
 .debug_macro   0x0001ffc8      0x124 atmel_start.o
 .debug_macro   0x000200ec      0x106 atmel_start.o
 .debug_macro   0x000201f2       0xee atmel_start.o
 .debug_macro   0x000202e0       0xee atmel_start.o
 .debug_macro   0x000203ce       0x2e atmel_start.o
 .debug_macro   0x000203fc      0x46a atmel_start.o
 .debug_macro   0x00020866       0x3a atmel_start.o
 .debug_macro   0x000208a0      0x59f atmel_start.o
 .debug_macro   0x00020e3f     0x4ff3 atmel_start.o
 .debug_macro   0x00025e32       0xcf atmel_start.o
 .debug_macro   0x00025f01       0x10 atmel_start.o
 .debug_macro   0x00025f11       0x10 atmel_start.o
 .debug_macro   0x00025f21       0x16 atmel_start.o
 .debug_macro   0x00025f37       0x16 atmel_start.o
 .debug_macro   0x00025f4d       0x16 atmel_start.o
 .debug_macro   0x00025f63       0x16 atmel_start.o
 .debug_macro   0x00025f79       0x16 atmel_start.o
 .debug_macro   0x00025f8f       0x16 atmel_start.o
 .debug_macro   0x00025fa5       0x40 atmel_start.o
 .debug_macro   0x00025fe5       0x16 atmel_start.o
 .debug_macro   0x00025ffb       0x16 atmel_start.o
 .debug_macro   0x00026011       0x16 atmel_start.o
 .debug_macro   0x00026027       0x16 atmel_start.o
 .debug_macro   0x0002603d       0x16 atmel_start.o
 .debug_macro   0x00026053       0x16 atmel_start.o
 .debug_macro   0x00026069       0x16 atmel_start.o
 .debug_macro   0x0002607f       0x16 atmel_start.o
 .debug_macro   0x00026095       0x16 atmel_start.o
 .debug_macro   0x000260ab       0x16 atmel_start.o
 .debug_macro   0x000260c1       0x16 atmel_start.o
 .debug_macro   0x000260d7       0x16 atmel_start.o
 .debug_macro   0x000260ed       0x16 atmel_start.o
 .debug_macro   0x00026103       0x16 atmel_start.o
 .debug_macro   0x00026119       0x16 atmel_start.o
 .debug_macro   0x0002612f       0x16 atmel_start.o
 .debug_macro   0x00026145       0x16 atmel_start.o
 .debug_macro   0x0002615b       0x16 atmel_start.o
 .debug_macro   0x00026171       0x16 atmel_start.o
 .debug_macro   0x00026187       0x16 atmel_start.o
 .debug_macro   0x0002619d       0x16 atmel_start.o
 .debug_macro   0x000261b3      0xe5c atmel_start.o
 .debug_macro   0x0002700f      0x9b6 atmel_start.o
 .debug_macro   0x000279c5       0x94 atmel_start.o
 .debug_macro   0x00027a59       0x16 atmel_start.o
 .debug_macro   0x00027a6f       0xbe atmel_start.o
 .debug_macro   0x00027b2d      0x28c atmel_start.o
 .debug_macro   0x00027db9       0x16 atmel_start.o
 .debug_macro   0x00027dcf      0x4d8 atmel_start.o
 .debug_macro   0x000282a7       0x16 atmel_start.o
 .debug_macro   0x000282bd       0xca atmel_start.o
 .debug_macro   0x00028387       0x1c atmel_start.o
 .debug_macro   0x000283a3       0x16 atmel_start.o
 .debug_macro   0x000283b9      0x185 atmel_start.o
 .debug_macro   0x0002853e       0xac atmel_start.o
 .debug_macro   0x000285ea       0x70 atmel_start.o
 .debug_macro   0x0002865a       0xc9 atmel_start.o
 .debug_macro   0x00028723       0x10 atmel_start.o
 .debug_macro   0x00028733       0x85 BMP280/bmp280.o
 .debug_macro   0x000287b8      0x4a5 BMP280/bmp280.o
 .debug_macro   0x00028c5d      0x4b2 Device_Startup/startup_same54.o
 .debug_macro   0x0002910f       0x4e Device_Startup/startup_same54.o
 .debug_macro   0x0002915d      0x896 driver_init.o
 .debug_macro   0x000299f3       0xa5 driver_init.o
 .debug_macro   0x00029a98      0x884 EtherCAT/ethercat_e54.o
 .debug_macro   0x0002a31c      0x144 EtherCAT/ethercat_e54.o
 .debug_macro   0x0002a460      0x6eb hal/src/hal_adc_async.o
 .debug_macro   0x0002ab4b      0x686 hal/src/hal_atomic.o
 .debug_macro   0x0002b1d1      0x6bd hal/src/hal_delay.o
 .debug_macro   0x0002b88e      0x6c6 hal/src/hal_i2c_m_sync.o
 .debug_macro   0x0002bf54       0x6a hal/src/hal_i2c_m_sync.o
 .debug_macro   0x0002bfbe      0x69b hal/src/hal_io.o
 .debug_macro   0x0002c659      0x6f2 hal/src/hal_spi_m_dma.o
 .debug_macro   0x0002cd4b      0x6e3 hal/src/hal_spi_m_sync.o
 .debug_macro   0x0002d42e      0x6d2 hal/src/hal_timer.o
 .debug_macro   0x0002db00      0x6c6 hal/src/hal_usart_sync.o
 .debug_macro   0x0002e1c6      0x690 hal/utils/src/utils_assert.o
 .debug_macro   0x0002e856       0x10 hal/utils/src/utils_assert.o
 .debug_macro   0x0002e866      0x695 hal/utils/src/utils_list.o
 .debug_macro   0x0002eefb      0x695 hal/utils/src/utils_ringbuffer.o
 .debug_macro   0x0002f590      0x6ef hpl/adc/hpl_adc.o
 .debug_macro   0x0002fc7f      0x6cc hpl/adc/hpl_adc.o
 .debug_macro   0x0003034b      0x6ba hpl/adc/hpl_adc.o
 .debug_macro   0x00030a05       0xe0 hpl/adc/hpl_adc.o
 .debug_macro   0x00030ae5      0x6c5 hpl/core/hpl_core_m4.o
 .debug_macro   0x000311aa      0x729 hpl/core/hpl_init.o
 .debug_macro   0x000318d3       0x2e hpl/core/hpl_init.o
 .debug_macro   0x00031901      0xd7b hpl/core/hpl_init.o
 .debug_macro   0x0003267c      0x6cf hpl/dmac/hpl_dmac.o
 .debug_macro   0x00032d4b      0x69f hpl/gclk/hpl_gclk.o
 .debug_macro   0x000333ea      0x2f0 hpl/gclk/hpl_gclk.o
 .debug_macro   0x000336da      0x69a hpl/mclk/hpl_mclk.o
 .debug_macro   0x00033d74      0x695 hpl/osc32kctrl/hpl_osc32kctrl.o
 .debug_macro   0x00034409       0x80 hpl/osc32kctrl/hpl_osc32kctrl.o
 .debug_macro   0x00034489      0x69f hpl/oscctrl/hpl_oscctrl.o
 .debug_macro   0x00034b28      0x216 hpl/oscctrl/hpl_oscctrl.o
 .debug_macro   0x00034d3e      0x6b0 hpl/ramecc/hpl_ramecc.o
 .debug_macro   0x000353ee      0x989 hpl/sercom/hpl_sercom.o
 .debug_macro   0x00035d77      0x2a4 hpl/sercom/hpl_sercom.o
 .debug_macro   0x0003601b       0x1c hpl/sercom/hpl_sercom.o
 .debug_macro   0x00036037       0x22 hpl/sercom/hpl_sercom.o
 .debug_macro   0x00036059       0x10 hpl/sercom/hpl_sercom.o
 .debug_macro   0x00036069      0x695 hpl/systick/hpl_systick.o
 .debug_macro   0x000366fe       0x10 hpl/systick/hpl_systick.o
 .debug_macro   0x0003670e      0x70d hpl/tc/hpl_tc.o
 .debug_macro   0x00036e1b       0x10 hpl/tc/hpl_tc.o
 .debug_macro   0x00036e2b       0x83 hpl/tc/hpl_tc.o
 .debug_macro   0x00036eae      0x695 hpl/tc/tc_lite.o
 .debug_macro   0x00037543      0x9e4 main.o
 .debug_macro   0x00037f27      0xa03 TactileSensors/TactileSensors.o

.debug_line     0x00000000    0x1b7f3
 .debug_line    0x00000000      0xdab atmel_start.o
 .debug_line    0x00000dab      0x53f BMP280/bmp280.o
 .debug_line    0x000012ea      0x7d1 Device_Startup/startup_same54.o
 .debug_line    0x00001abb     0x1089 driver_init.o
 .debug_line    0x00002b44      0xf3a EtherCAT/ethercat_e54.o
 .debug_line    0x00003a7e      0xe0a hal/src/hal_adc_async.o
 .debug_line    0x00004888      0xb1a hal/src/hal_atomic.o
 .debug_line    0x000053a2      0xb4e hal/src/hal_delay.o
 .debug_line    0x00005ef0      0xc41 hal/src/hal_i2c_m_sync.o
 .debug_line    0x00006b31      0xb3e hal/src/hal_io.o
 .debug_line    0x0000766f      0xc98 hal/src/hal_spi_m_dma.o
 .debug_line    0x00008307      0xc9f hal/src/hal_spi_m_sync.o
 .debug_line    0x00008fa6      0xcbf hal/src/hal_timer.o
 .debug_line    0x00009c65      0xd08 hal/src/hal_usart_sync.o
 .debug_line    0x0000a96d      0xaef hal/utils/src/utils_assert.o
 .debug_line    0x0000b45c      0xb87 hal/utils/src/utils_list.o
 .debug_line    0x0000bfe3      0xb8f hal/utils/src/utils_ringbuffer.o
 .debug_line    0x0000cb72     0x14fd hpl/adc/hpl_adc.o
 .debug_line    0x0000e06f      0xc42 hpl/core/hpl_core_m4.o
 .debug_line    0x0000ecb1      0xc0a hpl/core/hpl_init.o
 .debug_line    0x0000f8bb      0xe93 hpl/dmac/hpl_dmac.o
 .debug_line    0x0001074e      0xb6c hpl/gclk/hpl_gclk.o
 .debug_line    0x000112ba      0xb12 hpl/mclk/hpl_mclk.o
 .debug_line    0x00011dcc      0xb33 hpl/osc32kctrl/hpl_osc32kctrl.o
 .debug_line    0x000128ff      0xb7c hpl/oscctrl/hpl_oscctrl.o
 .debug_line    0x0001347b      0xbb5 hpl/ramecc/hpl_ramecc.o
 .debug_line    0x00014030     0x2ea2 hpl/sercom/hpl_sercom.o
 .debug_line    0x00016ed2      0xb78 hpl/systick/hpl_systick.o
 .debug_line    0x00017a4a      0xe58 hpl/tc/hpl_tc.o
 .debug_line    0x000188a2      0xb46 hpl/tc/tc_lite.o
 .debug_line    0x000193e8      0xf6e main.o
 .debug_line    0x0001a356     0x149d TactileSensors/TactileSensors.o

.debug_str      0x00000000   0x126187
 .debug_str     0x00000000   0x1081d6 atmel_start.o
                             0x1087bf (size before relaxing)
 .debug_str     0x001081d6     0x1c51 BMP280/bmp280.o
                               0x549b (size before relaxing)
 .debug_str     0x00109e27      0xbfb Device_Startup/startup_same54.o
                              0xf0d41 (size before relaxing)
 .debug_str     0x0010aa22     0x1c7d driver_init.o
                             0x10a57a (size before relaxing)
 .debug_str     0x0010c69f     0x1b5f EtherCAT/ethercat_e54.o
                             0x10b13e (size before relaxing)
 .debug_str     0x0010e1fe      0x5f0 hal/src/hal_adc_async.o
                             0x107589 (size before relaxing)
 .debug_str     0x0010e7ee       0x63 hal/src/hal_atomic.o
                             0x1066f4 (size before relaxing)
 .debug_str     0x0010e851       0x92 hal/src/hal_delay.o
                             0x10675e (size before relaxing)
 .debug_str     0x0010e8e3      0x153 hal/src/hal_i2c_m_sync.o
                             0x106fe5 (size before relaxing)
 .debug_str     0x0010ea36       0x2c hal/src/hal_io.o
                             0x10678f (size before relaxing)
 .debug_str     0x0010ea62      0x334 hal/src/hal_spi_m_dma.o
                             0x10723a (size before relaxing)
 .debug_str     0x0010ed96      0x1be hal/src/hal_spi_m_sync.o
                             0x10707c (size before relaxing)
 .debug_str     0x0010ef54      0x2c3 hal/src/hal_timer.o
                             0x107021 (size before relaxing)
 .debug_str     0x0010f217      0x49e hal/src/hal_usart_sync.o
                             0x10722f (size before relaxing)
 .debug_str     0x0010f6b5       0x2a hal/utils/src/utils_assert.o
                             0x106704 (size before relaxing)
 .debug_str     0x0010f6df       0x31 hal/utils/src/utils_list.o
                             0x1067ae (size before relaxing)
 .debug_str     0x0010f710       0x24 hal/utils/src/utils_ringbuffer.o
                             0x106798 (size before relaxing)
 .debug_str     0x0010f734     0x6ad8 hpl/adc/hpl_adc.o
                             0x10e26a (size before relaxing)
 .debug_str     0x0011620c      0x129 hpl/core/hpl_core_m4.o
                             0x107979 (size before relaxing)
 .debug_str     0x00116335     0x310f hpl/core/hpl_init.o
                             0x10afe8 (size before relaxing)
 .debug_str     0x00119444      0x9fa hpl/dmac/hpl_dmac.o
                             0x110afe (size before relaxing)
 .debug_str     0x00119e3e      0xbf4 hpl/gclk/hpl_gclk.o
                             0x10742f (size before relaxing)
 .debug_str     0x0011aa32       0x47 hpl/mclk/hpl_mclk.o
                             0x106ebe (size before relaxing)
 .debug_str     0x0011aa79      0x50f hpl/osc32kctrl/hpl_osc32kctrl.o
                             0x106c14 (size before relaxing)
 .debug_str     0x0011af88      0xbe8 hpl/oscctrl/hpl_oscctrl.o
                             0x107eb0 (size before relaxing)
 .debug_str     0x0011bb70      0x25d hpl/ramecc/hpl_ramecc.o
                             0x10763a (size before relaxing)
 .debug_str     0x0011bdcd     0x5252 hpl/sercom/hpl_sercom.o
                             0x10dfa4 (size before relaxing)
 .debug_str     0x0012101f       0xcd hpl/systick/hpl_systick.o
                             0x10674c (size before relaxing)
 .debug_str     0x001210ec      0xa2b hpl/tc/hpl_tc.o
                             0x108734 (size before relaxing)
 .debug_str     0x00121b17       0x8c hpl/tc/tc_lite.o
                             0x106c22 (size before relaxing)
 .debug_str     0x00121ba3     0x403f main.o
                             0x10d0ff (size before relaxing)
 .debug_str     0x00125be2      0x5a5 TactileSensors/TactileSensors.o
                             0x10eb32 (size before relaxing)

.debug_frame    0x00000000     0x3388
 .debug_frame   0x00000000       0x28 atmel_start.o
 .debug_frame   0x00000028      0x2cc BMP280/bmp280.o
 .debug_frame   0x000002f4       0x38 Device_Startup/startup_same54.o
 .debug_frame   0x0000032c      0x16c driver_init.o
 .debug_frame   0x00000498       0xb4 EtherCAT/ethercat_e54.o
 .debug_frame   0x0000054c      0x2c8 hal/src/hal_adc_async.o
 .debug_frame   0x00000814       0x40 hal/src/hal_atomic.o
 .debug_frame   0x00000854       0x68 hal/src/hal_delay.o
 .debug_frame   0x000008bc      0x174 hal/src/hal_i2c_m_sync.o
 .debug_frame   0x00000a30       0x58 hal/src/hal_io.o
 .debug_frame   0x00000a88      0x1a0 hal/src/hal_spi_m_dma.o
 .debug_frame   0x00000c28      0x198 hal/src/hal_spi_m_sync.o